Archive member included to satisfy reference by file (symbol)

c:/program files (x86)/atmel/studio/7.0/toolchain/arm/arm-gnu-toolchain/bin/../lib/gcc/arm-none-eabi/6.3.1/../../../../arm-none-eabi/lib/thumb/v7e-m\libc_nano.a(lib_a-exit.o)
                              c:/program files (x86)/atmel/studio/7.0/toolchain/arm/arm-gnu-toolchain/bin/../lib/gcc/arm-none-eabi/6.3.1/../../../../arm-none-eabi/lib/thumb/v7e-m/crt0.o (exit)
c:/program files (x86)/atmel/studio/7.0/toolchain/arm/arm-gnu-toolchain/bin/../lib/gcc/arm-none-eabi/6.3.1/../../../../arm-none-eabi/lib/thumb/v7e-m\libc_nano.a(lib_a-impure.o)
                              c:/program files (x86)/atmel/studio/7.0/toolchain/arm/arm-gnu-toolchain/bin/../lib/gcc/arm-none-eabi/6.3.1/../../../../arm-none-eabi/lib/thumb/v7e-m\libc_nano.a(lib_a-exit.o) (_global_impure_ptr)
c:/program files (x86)/atmel/studio/7.0/toolchain/arm/arm-gnu-toolchain/bin/../lib/gcc/arm-none-eabi/6.3.1/../../../../arm-none-eabi/lib/thumb/v7e-m\libc_nano.a(lib_a-init.o)
                              c:/program files (x86)/atmel/studio/7.0/toolchain/arm/arm-gnu-toolchain/bin/../lib/gcc/arm-none-eabi/6.3.1/../../../../arm-none-eabi/lib/thumb/v7e-m/crt0.o (__libc_init_array)
c:/program files (x86)/atmel/studio/7.0/toolchain/arm/arm-gnu-toolchain/bin/../lib/gcc/arm-none-eabi/6.3.1/../../../../arm-none-eabi/lib/thumb/v7e-m\libc_nano.a(lib_a-memcpy-stub.o)
                              hpl/mcan/hpl_mcan.o (memcpy)
c:/program files (x86)/atmel/studio/7.0/toolchain/arm/arm-gnu-toolchain/bin/../lib/gcc/arm-none-eabi/6.3.1/../../../../arm-none-eabi/lib/thumb/v7e-m\libc_nano.a(lib_a-memset.o)
                              c:/program files (x86)/atmel/studio/7.0/toolchain/arm/arm-gnu-toolchain/bin/../lib/gcc/arm-none-eabi/6.3.1/../../../../arm-none-eabi/lib/thumb/v7e-m/crt0.o (memset)
c:/program files (x86)/atmel/studio/7.0/toolchain/arm/arm-gnu-toolchain/bin/../lib/gcc/arm-none-eabi/6.3.1/../../../../arm-none-eabi/lib/thumb/v7e-m\libc_nano.a(lib_a-printf.o)
                              examples/driver_examples.o (printf)
c:/program files (x86)/atmel/studio/7.0/toolchain/arm/arm-gnu-toolchain/bin/../lib/gcc/arm-none-eabi/6.3.1/../../../../arm-none-eabi/lib/thumb/v7e-m\libc_nano.a(lib_a-puts.o)
                              stdio_start.o (puts)
c:/program files (x86)/atmel/studio/7.0/toolchain/arm/arm-gnu-toolchain/bin/../lib/gcc/arm-none-eabi/6.3.1/../../../../arm-none-eabi/lib/thumb/v7e-m\libc_nano.a(lib_a-setbuf.o)
                              stdio_redirect/stdio_io.o (setbuf)
c:/program files (x86)/atmel/studio/7.0/toolchain/arm/arm-gnu-toolchain/bin/../lib/gcc/arm-none-eabi/6.3.1/../../../../arm-none-eabi/lib/thumb/v7e-m\libc_nano.a(lib_a-setvbuf.o)
                              c:/program files (x86)/atmel/studio/7.0/toolchain/arm/arm-gnu-toolchain/bin/../lib/gcc/arm-none-eabi/6.3.1/../../../../arm-none-eabi/lib/thumb/v7e-m\libc_nano.a(lib_a-setbuf.o) (setvbuf)
c:/program files (x86)/atmel/studio/7.0/toolchain/arm/arm-gnu-toolchain/bin/../lib/gcc/arm-none-eabi/6.3.1/../../../../arm-none-eabi/lib/thumb/v7e-m\libc_nano.a(lib_a-wbuf.o)
                              c:/program files (x86)/atmel/studio/7.0/toolchain/arm/arm-gnu-toolchain/bin/../lib/gcc/arm-none-eabi/6.3.1/../../../../arm-none-eabi/lib/thumb/v7e-m\libc_nano.a(lib_a-puts.o) (__swbuf_r)
c:/program files (x86)/atmel/studio/7.0/toolchain/arm/arm-gnu-toolchain/bin/../lib/gcc/arm-none-eabi/6.3.1/../../../../arm-none-eabi/lib/thumb/v7e-m\libc_nano.a(lib_a-wsetup.o)
                              c:/program files (x86)/atmel/studio/7.0/toolchain/arm/arm-gnu-toolchain/bin/../lib/gcc/arm-none-eabi/6.3.1/../../../../arm-none-eabi/lib/thumb/v7e-m\libc_nano.a(lib_a-puts.o) (__swsetup_r)
c:/program files (x86)/atmel/studio/7.0/toolchain/arm/arm-gnu-toolchain/bin/../lib/gcc/arm-none-eabi/6.3.1/../../../../arm-none-eabi/lib/thumb/v7e-m\libc_nano.a(lib_a-fflush.o)
                              c:/program files (x86)/atmel/studio/7.0/toolchain/arm/arm-gnu-toolchain/bin/../lib/gcc/arm-none-eabi/6.3.1/../../../../arm-none-eabi/lib/thumb/v7e-m\libc_nano.a(lib_a-setvbuf.o) (_fflush_r)
c:/program files (x86)/atmel/studio/7.0/toolchain/arm/arm-gnu-toolchain/bin/../lib/gcc/arm-none-eabi/6.3.1/../../../../arm-none-eabi/lib/thumb/v7e-m\libc_nano.a(lib_a-findfp.o)
                              c:/program files (x86)/atmel/studio/7.0/toolchain/arm/arm-gnu-toolchain/bin/../lib/gcc/arm-none-eabi/6.3.1/../../../../arm-none-eabi/lib/thumb/v7e-m\libc_nano.a(lib_a-printf.o) (__sinit)
c:/program files (x86)/atmel/studio/7.0/toolchain/arm/arm-gnu-toolchain/bin/../lib/gcc/arm-none-eabi/6.3.1/../../../../arm-none-eabi/lib/thumb/v7e-m\libc_nano.a(lib_a-fwalk.o)
                              c:/program files (x86)/atmel/studio/7.0/toolchain/arm/arm-gnu-toolchain/bin/../lib/gcc/arm-none-eabi/6.3.1/../../../../arm-none-eabi/lib/thumb/v7e-m\libc_nano.a(lib_a-findfp.o) (_fwalk)
[...]
Memory Configuration

Name             Origin             Length             Attributes
rom              0x00400000         0x00200000         xr
ram              0x20400000         0x00060000         xrw
*default*        0x00000000         0xffffffff

Linker script and memory map

LOAD c:/program files (x86)/atmel/studio/7.0/toolchain/arm/arm-gnu-toolchain/bin/../lib/gcc/arm-none-eabi/6.3.1/thumb/v7e-m/crti.o
LOAD c:/program files (x86)/atmel/studio/7.0/toolchain/arm/arm-gnu-toolchain/bin/../lib/gcc/arm-none-eabi/6.3.1/thumb/v7e-m/crtbegin.o
LOAD c:/program files (x86)/atmel/studio/7.0/toolchain/arm/arm-gnu-toolchain/bin/../lib/gcc/arm-none-eabi/6.3.1/../../../../arm-none-eabi/lib/thumb/v7e-m/crt0.o
LOAD atmel_start.o
LOAD Device_Startup/startup_samv71q21b.o
LOAD Device_Startup/system_samv71q21b.o
LOAD driver_init.o
LOAD examples/driver_examples.o
LOAD hal/src/hal_atomic.o
LOAD hal/src/hal_can_async.o
LOAD hal/src/hal_delay.o
LOAD hal/src/hal_gpio.o
LOAD hal/src/hal_init.o
LOAD hal/src/hal_io.o
LOAD hal/src/hal_sleep.o
LOAD hal/src/hal_usart_sync.o
LOAD hal/utils/src/utils_assert.o
LOAD hal/utils/src/utils_event.o
LOAD hal/utils/src/utils_list.o
LOAD hal/utils/src/utils_ringbuffer.o
LOAD hal/utils/src/utils_syscalls.o
LOAD hpl/core/hpl_core_m7_base.o
LOAD hpl/core/hpl_init.o
LOAD hpl/mcan/hpl_mcan.o
LOAD hpl/pmc/hpl_pmc.o
LOAD hpl/pmc/hpl_sleep.o
LOAD hpl/systick/hpl_systick_ARMv7_base.o
LOAD hpl/uart/hpl_uart.o
LOAD hpl/xdmac/hpl_xdmac.o
LOAD main.o
LOAD stdio_redirect/gcc/read.o
LOAD stdio_redirect/gcc/write.o
LOAD stdio_redirect/stdio_io.o
LOAD stdio_start.o
START GROUP
LOAD c:/program files (x86)/atmel/studio/7.0/toolchain/arm/arm-gnu-toolchain/bin/../lib/gcc/arm-none-eabi/6.3.1/../../../../arm-none-eabi/lib/thumb/v7e-m\libm.a
END GROUP
START GROUP
LOAD c:/program files (x86)/atmel/studio/7.0/toolchain/arm/arm-gnu-toolchain/bin/../lib/gcc/arm-none-eabi/6.3.1/thumb/v7e-m\libgcc.a
LOAD c:/program files (x86)/atmel/studio/7.0/toolchain/arm/arm-gnu-toolchain/bin/../lib/gcc/arm-none-eabi/6.3.1/../../../../arm-none-eabi/lib/thumb/v7e-m\libc_nano.a
END GROUP
START GROUP
LOAD c:/program files (x86)/atmel/studio/7.0/toolchain/arm/arm-gnu-toolchain/bin/../lib/gcc/arm-none-eabi/6.3.1/thumb/v7e-m\libgcc.a
LOAD c:/program files (x86)/atmel/studio/7.0/toolchain/arm/arm-gnu-toolchain/bin/../lib/gcc/arm-none-eabi/6.3.1/../../../../arm-none-eabi/lib/thumb/v7e-m\libc_nano.a
END GROUP
LOAD c:/program files (x86)/atmel/studio/7.0/toolchain/arm/arm-gnu-toolchain/bin/../lib/gcc/arm-none-eabi/6.3.1/thumb/v7e-m/crtend.o
LOAD c:/program files (x86)/atmel/studio/7.0/toolchain/arm/arm-gnu-toolchain/bin/../lib/gcc/arm-none-eabi/6.3.1/thumb/v7e-m/crtn.o
                0x00000400                STACK_SIZE = DEFINED (STACK_SIZE)?STACK_SIZE:DEFINED (__stack_size__)?__stack_size__:0x400
                0x00000200                HEAP_SIZE = DEFINED (HEAP_SIZE)?HEAP_SIZE:DEFINED (__heap_size__)?__heap_size__:0x200

.text           0x00400000     0x2698
                0x00400000                . = ALIGN (0x4)
                0x00400000                _sfixed = .
 *(.vectors .vectors.*)
 .vectors       0x00400000      0x168 Device_Startup/startup_samv71q21b.o
                0x00400000                exception_table
 *(.text .text.* .gnu.linkonce.t.*)
 .text          0x00400168       0x6c c:/program files (x86)/atmel/studio/7.0/toolchain/arm/arm-gnu-toolchain/bin/../lib/gcc/arm-none-eabi/6.3.1/thumb/v7e-m/crtbegin.o
 .text.atmel_start_init
                0x004001d4       0x14 atmel_start.o
                0x004001d4                atmel_start_init
 .text.Dummy_Handler
                0x004001e8        0x2 Device_Startup/startup_samv71q21b.o
                0x004001e8                DACC_Handler
                0x004001e8                SVCall_Handler
                0x004001e8                UART3_Handler
                0x004001e8                UART2_Handler
                0x004001e8                TRNG_Handler
                0x004001e8                HardFault_Handler
                0x004001e8                TC2_Handler
                0x004001e8                SysTick_Handler
                0x004001e8                AFEC1_Handler
                0x004001e8                PendSV_Handler
                0x004001e8                TC7_Handler
                0x004001e8                QSPI_Handler
                0x004001e8                NonMaskableInt_Handler
                0x004001e8                ISI_Handler
                0x004001e8                TC9_Handler
                0x004001e8                RSWDT_Handler
                0x004001e8                USART0_Handler
                0x004001e8                RTT_Handler
                0x004001e8                USBHS_Handler
                0x004001e8                IXC_Handler
                0x004001e8                CCF_Handler
                0x004001e8                PIOB_Handler
                0x004001e8                RTC_Handler
                0x004001e8                UsageFault_Handler
                0x004001e8                TC6_Handler
                0x004001e8                WDT_Handler
                0x004001e8                MCAN1_INT1_Handler
                0x004001e8                TC4_Handler
                0x004001e8                TC1_Handler
                0x004001e8                HSMCI_Handler
                0x004001e8                UART1_Handler
                0x004001e8                TC3_Handler
                0x004001e8                Dummy_Handler
                0x004001e8                TWIHS1_Handler
                0x004001e8                XDMAC_Handler
                0x004001e8                UART4_Handler
                0x004001e8                PWM1_Handler
                0x004001e8                USART1_Handler
                0x004001e8                PWM0_Handler
                0x004001e8                PIOA_Handler
                0x004001e8                AFEC0_Handler
                0x004001e8                CCW_Handler
                0x004001e8                SSC_Handler
                0x004001e8                TC11_Handler
                0x004001e8                ACC_Handler
                0x004001e8                PMC_Handler
                0x004001e8                GMAC_Handler
                0x004001e8                MCAN0_INT1_Handler
                0x004001e8                GMAC_Q5_Handler
                0x004001e8                SUPC_Handler
                0x004001e8                TC8_Handler
                0x004001e8                EFC_Handler
                0x004001e8                GMAC_Q1_Handler
                0x004001e8                USART2_Handler
                0x004001e8                SDRAMC_Handler
                0x004001e8                GMAC_Q2_Handler
                0x004001e8                PIOE_Handler
                0x004001e8                SPI1_Handler
                0x004001e8                TC10_Handler
                0x004001e8                GMAC_Q3_Handler
                0x004001e8                PIOD_Handler
                0x004001e8                TWIHS2_Handler
                0x004001e8                MLB_Handler
                0x004001e8                I2SC0_Handler
                0x004001e8                UART0_Handler
                0x004001e8                I2SC1_Handler
                0x004001e8                PIOC_Handler
                0x004001e8                GMAC_Q4_Handler
                0x004001e8                FPU_Handler
                0x004001e8                BusFault_Handler
                0x004001e8                RSTC_Handler
                0x004001e8                TC0_Handler
                0x004001e8                MemoryManagement_Handler
                0x004001e8                DebugMonitor_Handler
                0x004001e8                TC5_Handler
                0x004001e8                ICM_Handler
                0x004001e8                AES_Handler
                0x004001e8                TWIHS0_Handler
                0x004001e8                SPI0_Handler
 *fill*         0x004001ea        0x2 
 .text.Reset_Handler
                0x004001ec       0x68 Device_Startup/startup_samv71q21b.o
                0x004001ec                Reset_Handler
 .text.delay_driver_init
                0x00400254       0x14 driver_init.o
                0x00400254                delay_driver_init
 .text.TARGET_IO_PORT_init
                0x00400268       0x30 driver_init.o
                0x00400268                TARGET_IO_PORT_init
 .text.TARGET_IO_CLOCK_init
                0x00400298       0x18 driver_init.o
                0x00400298                TARGET_IO_CLOCK_init
 .text.TARGET_IO_init
                0x004002b0       0x34 driver_init.o
                0x004002b0                TARGET_IO_init
 .text.CAN_0_CLOCK_init
                0x004002e4       0x1c driver_init.o
                0x004002e4                CAN_0_CLOCK_init
 .text.CAN_0_PORT_init
                0x00400300       0x30 driver_init.o
                0x00400300                CAN_0_PORT_init
 .text.CAN_0_init
                0x00400330       0x28 driver_init.o
                0x00400330                CAN_0_init
 .text.CAN_1_CLOCK_init
                0x00400358       0x1c driver_init.o
                0x00400358                CAN_1_CLOCK_init
 .text.CAN_1_PORT_init
                0x00400374       0x34 driver_init.o
                0x00400374                CAN_1_PORT_init
 .text.CAN_1_init
                0x004003a8       0x28 driver_init.o
                0x004003a8                CAN_1_init
 .text.system_init
                0x004003d0       0x68 driver_init.o
                0x004003d0                system_init
 .text.CAN_0_tx_callback
                0x00400438        0x2 examples/driver_examples.o
                0x00400438                CAN_0_tx_callback
 .text.CAN_1_tx_callback
                0x0040043a        0x2 examples/driver_examples.o
                0x0040043a                CAN_1_tx_callback
 .text.CAN_0_rx_callback
                0x0040043c       0x30 examples/driver_examples.o
                0x0040043c                CAN_0_rx_callback
 .text.CAN_1_rx_callback
                0x0040046c       0x30 examples/driver_examples.o
                0x0040046c                CAN_1_rx_callback
 .text.CAN_0_example
                0x0040049c       0xcc examples/driver_examples.o
                0x0040049c                CAN_0_example
 .text.CAN_1_example
                0x00400568       0xc8 examples/driver_examples.o
                0x00400568                CAN_1_example
 .text.atomic_enter_critical
                0x00400630        0xe hal/src/hal_atomic.o
                0x00400630                atomic_enter_critical
 .text.atomic_leave_critical
                0x0040063e        0xc hal/src/hal_atomic.o
                0x0040063e                atomic_leave_critical
 .text.can_tx_done
                0x0040064a        0xa hal/src/hal_can_async.o
 .text.can_rx_done
                0x00400654        0xa hal/src/hal_can_async.o
 .text.can_irq_handler
                0x0040065e        0xa hal/src/hal_can_async.o
 .text.can_async_init
                0x00400668       0x50 hal/src/hal_can_async.o
                0x00400668                can_async_init
 .text.can_async_enable
                0x004006b8       0x28 hal/src/hal_can_async.o
                0x004006b8                can_async_enable
 .text.can_async_read
                0x004006e0       0x30 hal/src/hal_can_async.o
                0x004006e0                can_async_read
 .text.can_async_write
                0x00400710       0x30 hal/src/hal_can_async.o
                0x00400710                can_async_write
 .text.can_async_register_callback
                0x00400740       0x50 hal/src/hal_can_async.o
                0x00400740                can_async_register_callback
 .text.can_async_set_filter
                0x00400790       0x34 hal/src/hal_can_async.o
                0x00400790                can_async_set_filter
 .text.delay_init
                0x004007c4       0x14 hal/src/hal_delay.o
                0x004007c4                delay_init
 .text.delay_ms
                0x004007d8       0x20 hal/src/hal_delay.o
                0x004007d8                delay_ms
 .text.io_write
                0x004007f8       0x30 hal/src/hal_io.o
                0x004007f8                io_write
 .text.io_read  0x00400828       0x30 hal/src/hal_io.o
                0x00400828                io_read
 .text.usart_sync_write
                0x00400858       0x70 hal/src/hal_usart_sync.o
 .text.usart_sync_read
                0x004008c8       0x60 hal/src/hal_usart_sync.o
 .text.usart_sync_init
                0x00400928       0x48 hal/src/hal_usart_sync.o
                0x00400928                usart_sync_init
 .text.usart_sync_enable
                0x00400970       0x2c hal/src/hal_usart_sync.o
                0x00400970                usart_sync_enable
 .text.assert   0x0040099c        0x6 hal/utils/src/utils_assert.o
                0x0040099c                assert
 *fill*         0x004009a2        0x2 
 .text._sbrk    0x004009a4       0x24 hal/utils/src/utils_syscalls.o
                0x004009a4                _sbrk
 .text._close   0x004009c8        0x6 hal/utils/src/utils_syscalls.o
                0x004009c8                _close
 .text._fstat   0x004009ce        0xa hal/utils/src/utils_syscalls.o
                0x004009ce                _fstat
 .text._isatty  0x004009d8        0x4 hal/utils/src/utils_syscalls.o
                0x004009d8                _isatty
 .text._lseek   0x004009dc        0x4 hal/utils/src/utils_syscalls.o
                0x004009dc                _lseek
 .text._get_cycles_for_ms
                0x004009e0       0x12 hpl/core/hpl_core_m7_base.o
                0x004009e0                _get_cycles_for_ms
 *fill*         0x004009f2        0x2 
 .text._init_chip
                0x004009f4       0x54 hpl/core/hpl_init.o
                0x004009f4                _init_chip
 .text._can_irq_handler
                0x00400a48       0x74 hpl/mcan/hpl_mcan.o
 .text._can_async_init
                0x00400abc      0x1d8 hpl/mcan/hpl_mcan.o
                0x00400abc                _can_async_init
 .text._can_async_enable
                0x00400c94        0xe hpl/mcan/hpl_mcan.o
                0x00400c94                _can_async_enable
 *fill*         0x00400ca2        0x2 
 .text._can_async_read
                0x00400ca4       0xcc hpl/mcan/hpl_mcan.o
                0x00400ca4                _can_async_read
 .text._can_async_write
                0x00400d70      0x134 hpl/mcan/hpl_mcan.o
                0x00400d70                _can_async_write
 .text._can_async_set_irq_state
                0x00400ea4       0x44 hpl/mcan/hpl_mcan.o
                0x00400ea4                _can_async_set_irq_state
 .text._can_async_set_filter
                0x00400ee8       0x7c hpl/mcan/hpl_mcan.o
                0x00400ee8                _can_async_set_filter
 .text.MCAN0_INT0_Handler
                0x00400f64       0x14 hpl/mcan/hpl_mcan.o
                0x00400f64                MCAN0_INT0_Handler
 .text.MCAN1_INT0_Handler
                0x00400f78       0x14 hpl/mcan/hpl_mcan.o
                0x00400f78                MCAN1_INT0_Handler
 .text._pmc_init_sources
                0x00400f8c       0x50 hpl/pmc/hpl_pmc.o
 .text._pmc_init_master_clock
                0x00400fdc       0x4c hpl/pmc/hpl_pmc.o
 .text._pmc_init_program_clock
                0x00401028       0x20 hpl/pmc/hpl_pmc.o
 .text._pmc_init
                0x00401048       0x1c hpl/pmc/hpl_pmc.o
                0x00401048                _pmc_init
 .text._system_time_init
                0x00401064       0x14 hpl/systick/hpl_systick_ARMv7_base.o
                0x00401064                _system_time_init
 .text._delay_init
                0x00401078        0xc hpl/systick/hpl_systick_ARMv7_base.o
                0x00401078                _delay_init
 .text._delay_cycles
                0x00401084       0x40 hpl/systick/hpl_systick_ARMv7_base.o
                0x00401084                _delay_cycles
 .text._uart_get_hardware_index
                0x004010c4       0x60 hpl/uart/hpl_uart.o
 .text._get_uart_index
                0x00401124       0x54 hpl/uart/hpl_uart.o
 .text._uart_init
                0x00401178       0x54 hpl/uart/hpl_uart.o
 .text._usart_sync_init
                0x004011cc       0x38 hpl/uart/hpl_uart.o
                0x004011cc                _usart_sync_init
 .text._usart_sync_enable
                0x00401204       0x34 hpl/uart/hpl_uart.o
                0x00401204                _usart_sync_enable
 .text._usart_sync_write_byte
                0x00401238       0x24 hpl/uart/hpl_uart.o
                0x00401238                _usart_sync_write_byte
 .text._usart_sync_read_byte
                0x0040125c       0x24 hpl/uart/hpl_uart.o
                0x0040125c                _usart_sync_read_byte
 .text._usart_sync_is_ready_to_send
                0x00401280       0x28 hpl/uart/hpl_uart.o
                0x00401280                _usart_sync_is_ready_to_send
 .text._usart_sync_is_transmit_done
                0x004012a8       0x28 hpl/uart/hpl_uart.o
                0x004012a8                _usart_sync_is_transmit_done
 .text._usart_sync_is_byte_received
                0x004012d0       0x28 hpl/uart/hpl_uart.o
                0x004012d0                _usart_sync_is_byte_received
 .text._uart_get_usart_sync
                0x004012f8        0x4 hpl/uart/hpl_uart.o
                0x004012f8                _uart_get_usart_sync
 .text.main     0x004012fc       0xa8 main.o
                0x004012fc                main
 .text._read    0x004013a4       0x24 stdio_redirect/gcc/read.o
                0x004013a4                _read
 .text._write   0x004013c8       0x28 stdio_redirect/gcc/write.o
                0x004013c8                _write
 .text.stdio_io_init
                0x004013f0       0x2c stdio_redirect/stdio_io.o
                0x004013f0                stdio_io_init
 .text.stdio_io_read
                0x0040141c       0x24 stdio_redirect/stdio_io.o
                0x0040141c                stdio_io_read
 .text.stdio_io_write
                0x00401440       0x24 stdio_redirect/stdio_io.o
                0x00401440                stdio_io_write
 .text.stdio_redirect_init
                0x00401464       0x20 stdio_start.o
                0x00401464                stdio_redirect_init
 .text.__libc_init_array
                0x00401484       0x48 c:/program files (x86)/atmel/studio/7.0/toolchain/arm/arm-gnu-toolchain/bin/../lib/gcc/arm-none-eabi/6.3.1/../../../../arm-none-eabi/lib/thumb/v7e-m\libc_nano.a(lib_a-init.o)
                0x00401484                __libc_init_array
 .text.memcpy   0x004014cc       0x16 c:/program files (x86)/atmel/studio/7.0/toolchain/arm/arm-gnu-toolchain/bin/../lib/gcc/arm-none-eabi/6.3.1/../../../../arm-none-eabi/lib/thumb/v7e-m\libc_nano.a(lib_a-memcpy-stub.o)
                0x004014cc                memcpy
 .text.memset   0x004014e2       0x10 c:/program files (x86)/atmel/studio/7.0/toolchain/arm/arm-gnu-toolchain/bin/../lib/gcc/arm-none-eabi/6.3.1/../../../../arm-none-eabi/lib/thumb/v7e-m\libc_nano.a(lib_a-memset.o)
                0x004014e2                memset
 *fill*         0x004014f2        0x2 
 .text.printf   0x004014f4       0x30 c:/program files (x86)/atmel/studio/7.0/toolchain/arm/arm-gnu-toolchain/bin/../lib/gcc/arm-none-eabi/6.3.1/../../../../arm-none-eabi/lib/thumb/v7e-m\libc_nano.a(lib_a-printf.o)
                0x004014f4                iprintf
                0x004014f4                printf
 .text.setbuf   0x00401524       0x10 c:/program files (x86)/atmel/studio/7.0/toolchain/arm/arm-gnu-toolchain/bin/../lib/gcc/arm-none-eabi/6.3.1/../../../../arm-none-eabi/lib/thumb/v7e-m\libc_nano.a(lib_a-setbuf.o)
                0x00401524                setbuf
 .text.setvbuf  0x00401534      0x15c c:/program files (x86)/atmel/studio/7.0/toolchain/arm/arm-gnu-toolchain/bin/../lib/gcc/arm-none-eabi/6.3.1/../../../../arm-none-eabi/lib/thumb/v7e-m\libc_nano.a(lib_a-setvbuf.o)
                0x00401534                setvbuf
 .text.__swbuf_r
                0x00401690       0xa4 c:/program files (x86)/atmel/studio/7.0/toolchain/arm/arm-gnu-toolchain/bin/../lib/gcc/arm-none-eabi/6.3.1/../../../../arm-none-eabi/lib/thumb/v7e-m\libc_nano.a(lib_a-wbuf.o)
                0x00401690                __swbuf_r
 .text.__swsetup_r
                0x00401734       0xdc c:/program files (x86)/atmel/studio/7.0/toolchain/arm/arm-gnu-toolchain/bin/../lib/gcc/arm-none-eabi/6.3.1/../../../../arm-none-eabi/lib/thumb/v7e-m\libc_nano.a(lib_a-wsetup.o)
                0x00401734                __swsetup_r
 .text.__sflush_r
                0x00401810      0x110 c:/program files (x86)/atmel/studio/7.0/toolchain/arm/arm-gnu-toolchain/bin/../lib/gcc/arm-none-eabi/6.3.1/../../../../arm-none-eabi/lib/thumb/v7e-m\libc_nano.a(lib_a-fflush.o)
                0x00401810                __sflush_r
 .text._fflush_r
                0x00401920       0x54 c:/program files (x86)/atmel/studio/7.0/toolchain/arm/arm-gnu-toolchain/bin/../lib/gcc/arm-none-eabi/6.3.1/../../../../arm-none-eabi/lib/thumb/v7e-m\libc_nano.a(lib_a-fflush.o)
                0x00401920                _fflush_r
 .text._cleanup_r
                0x00401974        0xc c:/program files (x86)/atmel/studio/7.0/toolchain/arm/arm-gnu-toolchain/bin/../lib/gcc/arm-none-eabi/6.3.1/../../../../arm-none-eabi/lib/thumb/v7e-m\libc_nano.a(lib_a-findfp.o)
                0x00401974                _cleanup_r
 .text.std.isra.0
                0x00401980       0x48 c:/program files (x86)/atmel/studio/7.0/toolchain/arm/arm-gnu-toolchain/bin/../lib/gcc/arm-none-eabi/6.3.1/../../../../arm-none-eabi/lib/thumb/v7e-m\libc_nano.a(lib_a-findfp.o)
 .text.__sfmoreglue
                0x004019c8       0x2c c:/program files (x86)/atmel/studio/7.0/toolchain/arm/arm-gnu-toolchain/bin/../lib/gcc/arm-none-eabi/6.3.1/../../../../arm-none-eabi/lib/thumb/v7e-m\libc_nano.a(lib_a-findfp.o)
                0x004019c8                __sfmoreglue
 .text.__sinit  0x004019f4       0x60 c:/program files (x86)/atmel/studio/7.0/toolchain/arm/arm-gnu-toolchain/bin/../lib/gcc/arm-none-eabi/6.3.1/../../../../arm-none-eabi/lib/thumb/v7e-m\libc_nano.a(lib_a-findfp.o)
                0x004019f4                __sinit
 .text.__sfp    0x00401a54       0x78 c:/program files (x86)/atmel/studio/7.0/toolchain/arm/arm-gnu-toolchain/bin/../lib/gcc/arm-none-eabi/6.3.1/../../../../arm-none-eabi/lib/thumb/v7e-m\libc_nano.a(lib_a-findfp.o)
                0x00401a54                __sfp
 .text._fwalk_reent
                0x00401acc       0x3c c:/program files (x86)/atmel/studio/7.0/toolchain/arm/arm-gnu-toolchain/bin/../lib/gcc/arm-none-eabi/6.3.1/../../../../arm-none-eabi/lib/thumb/v7e-m\libc_nano.a(lib_a-fwalk.o)
                0x00401acc                _fwalk_reent
 .text.__swhatbuf_r
                0x00401b08       0x48 c:/program files (x86)/atmel/studio/7.0/toolchain/arm/arm-gnu-toolchain/bin/../lib/gcc/arm-none-eabi/6.3.1/../../../../arm-none-eabi/lib/thumb/v7e-m\libc_nano.a(lib_a-makebuf.o)
                0x00401b08                __swhatbuf_r
 .text.__smakebuf_r
                0x00401b50       0x80 c:/program files (x86)/atmel/studio/7.0/toolchain/arm/arm-gnu-toolchain/bin/../lib/gcc/arm-none-eabi/6.3.1/../../../../arm-none-eabi/lib/thumb/v7e-m\libc_nano.a(lib_a-makebuf.o)
                0x00401b50                __smakebuf_r
 .text.malloc   0x00401bd0       0x10 c:/program files (x86)/atmel/studio/7.0/toolchain/arm/arm-gnu-toolchain/bin/../lib/gcc/arm-none-eabi/6.3.1/../../../../arm-none-eabi/lib/thumb/v7e-m\libc_nano.a(lib_a-malloc.o)
                0x00401bd0                malloc
 .text._free_r  0x00401be0       0x9c c:/program files (x86)/atmel/studio/7.0/toolchain/arm/arm-gnu-toolchain/bin/../lib/gcc/arm-none-eabi/6.3.1/../../../../arm-none-eabi/lib/thumb/v7e-m\libc_nano.a(lib_a-nano-freer.o)
                0x00401be0                _free_r
 .text._malloc_r
                0x00401c7c       0xbc c:/program files (x86)/atmel/studio/7.0/toolchain/arm/arm-gnu-toolchain/bin/../lib/gcc/arm-none-eabi/6.3.1/../../../../arm-none-eabi/lib/thumb/v7e-m\libc_nano.a(lib_a-nano-mallocr.o)
                0x00401c7c                _malloc_r
 .text.__sfputc_r
                0x00401d38       0x2c c:/program files (x86)/atmel/studio/7.0/toolchain/arm/arm-gnu-toolchain/bin/../lib/gcc/arm-none-eabi/6.3.1/../../../../arm-none-eabi/lib/thumb/v7e-m\libc_nano.a(lib_a-nano-vfprintf.o)
 .text.__sfputs_r
                0x00401d64       0x24 c:/program files (x86)/atmel/studio/7.0/toolchain/arm/arm-gnu-toolchain/bin/../lib/gcc/arm-none-eabi/6.3.1/../../../../arm-none-eabi/lib/thumb/v7e-m\libc_nano.a(lib_a-nano-vfprintf.o)
                0x00401d64                __sfputs_r
 .text._vfprintf_r
                0x00401d88      0x22c c:/program files (x86)/atmel/studio/7.0/toolchain/arm/arm-gnu-toolchain/bin/../lib/gcc/arm-none-eabi/6.3.1/../../../../arm-none-eabi/lib/thumb/v7e-m\libc_nano.a(lib_a-nano-vfprintf.o)
                0x00401d88                _vfprintf_r
                0x00401d88                _vfiprintf_r
 .text._printf_common
                0x00401fb4       0xec c:/program files (x86)/atmel/studio/7.0/toolchain/arm/arm-gnu-toolchain/bin/../lib/gcc/arm-none-eabi/6.3.1/../../../../arm-none-eabi/lib/thumb/v7e-m\libc_nano.a(lib_a-nano-vfprintf_i.o)
                0x00401fb4                _printf_common
 .text._printf_i
                0x004020a0      0x240 c:/program files (x86)/atmel/studio/7.0/toolchain/arm/arm-gnu-toolchain/bin/../lib/gcc/arm-none-eabi/6.3.1/../../../../arm-none-eabi/lib/thumb/v7e-m\libc_nano.a(lib_a-nano-vfprintf_i.o)
                0x004020a0                _printf_i
 .text._sbrk_r  0x004022e0       0x20 c:/program files (x86)/atmel/studio/7.0/toolchain/arm/arm-gnu-toolchain/bin/../lib/gcc/arm-none-eabi/6.3.1/../../../../arm-none-eabi/lib/thumb/v7e-m\libc_nano.a(lib_a-sbrkr.o)
                0x004022e0                _sbrk_r
 .text.__sread  0x00402300       0x22 c:/program files (x86)/atmel/studio/7.0/toolchain/arm/arm-gnu-toolchain/bin/../lib/gcc/arm-none-eabi/6.3.1/../../../../arm-none-eabi/lib/thumb/v7e-m\libc_nano.a(lib_a-stdio.o)
                0x00402300                __sread
 .text.__swrite
                0x00402322       0x38 c:/program files (x86)/atmel/studio/7.0/toolchain/arm/arm-gnu-toolchain/bin/../lib/gcc/arm-none-eabi/6.3.1/../../../../arm-none-eabi/lib/thumb/v7e-m\libc_nano.a(lib_a-stdio.o)
                0x00402322                __swrite
 .text.__sseek  0x0040235a       0x24 c:/program files (x86)/atmel/studio/7.0/toolchain/arm/arm-gnu-toolchain/bin/../lib/gcc/arm-none-eabi/6.3.1/../../../../arm-none-eabi/lib/thumb/v7e-m\libc_nano.a(lib_a-stdio.o)
                0x0040235a                __sseek
 .text.__sclose
                0x0040237e        0x8 c:/program files (x86)/atmel/studio/7.0/toolchain/arm/arm-gnu-toolchain/bin/../lib/gcc/arm-none-eabi/6.3.1/../../../../arm-none-eabi/lib/thumb/v7e-m\libc_nano.a(lib_a-stdio.o)
                0x0040237e                __sclose
 *fill*         0x00402386        0x2 
 .text._write_r
                0x00402388       0x24 c:/program files (x86)/atmel/studio/7.0/toolchain/arm/arm-gnu-toolchain/bin/../lib/gcc/arm-none-eabi/6.3.1/../../../../arm-none-eabi/lib/thumb/v7e-m\libc_nano.a(lib_a-writer.o)
                0x00402388                _write_r
 .text._close_r
                0x004023ac       0x20 c:/program files (x86)/atmel/studio/7.0/toolchain/arm/arm-gnu-toolchain/bin/../lib/gcc/arm-none-eabi/6.3.1/../../../../arm-none-eabi/lib/thumb/v7e-m\libc_nano.a(lib_a-closer.o)
                0x004023ac                _close_r
 .text._fstat_r
                0x004023cc       0x24 c:/program files (x86)/atmel/studio/7.0/toolchain/arm/arm-gnu-toolchain/bin/../lib/gcc/arm-none-eabi/6.3.1/../../../../arm-none-eabi/lib/thumb/v7e-m\libc_nano.a(lib_a-fstatr.o)
                0x004023cc                _fstat_r
 .text._isatty_r
                0x004023f0       0x20 c:/program files (x86)/atmel/studio/7.0/toolchain/arm/arm-gnu-toolchain/bin/../lib/gcc/arm-none-eabi/6.3.1/../../../../arm-none-eabi/lib/thumb/v7e-m\libc_nano.a(lib_a-isattyr.o)
                0x004023f0                _isatty_r
 .text._lseek_r
                0x00402410       0x24 c:/program files (x86)/atmel/studio/7.0/toolchain/arm/arm-gnu-toolchain/bin/../lib/gcc/arm-none-eabi/6.3.1/../../../../arm-none-eabi/lib/thumb/v7e-m\libc_nano.a(lib_a-lseekr.o)
                0x00402410                _lseek_r
 *fill*         0x00402434        0xc 
 .text          0x00402440       0xa0 c:/program files (x86)/atmel/studio/7.0/toolchain/arm/arm-gnu-toolchain/bin/../lib/gcc/arm-none-eabi/6.3.1/../../../../arm-none-eabi/lib/thumb/v7e-m\libc_nano.a(lib_a-memchr.o)
                0x00402440                memchr
 .text.__malloc_lock
                0x004024e0        0x2 c:/program files (x86)/atmel/studio/7.0/toolchain/arm/arm-gnu-toolchain/bin/../lib/gcc/arm-none-eabi/6.3.1/../../../../arm-none-eabi/lib/thumb/v7e-m\libc_nano.a(lib_a-mlock.o)
                0x004024e0                __malloc_lock
 .text.__malloc_unlock
                0x004024e2        0x2 c:/program files (x86)/atmel/studio/7.0/toolchain/arm/arm-gnu-toolchain/bin/../lib/gcc/arm-none-eabi/6.3.1/../../../../arm-none-eabi/lib/thumb/v7e-m\libc_nano.a(lib_a-mlock.o)
                0x004024e2                __malloc_unlock
 .text._read_r  0x004024e4       0x24 c:/program files (x86)/atmel/studio/7.0/toolchain/arm/arm-gnu-toolchain/bin/../lib/gcc/arm-none-eabi/6.3.1/../../../../arm-none-eabi/lib/thumb/v7e-m\libc_nano.a(lib_a-readr.o)
                0x004024e4                _read_r
 *(.glue_7t)
 .glue_7t       0x00402508        0x0 linker stubs
 *(.glue_7)
 .glue_7        0x00402508        0x0 linker stubs
 *(.rodata .rodata* .gnu.linkonce.r.*)
 .rodata.str1.4
                0x00402508       0x55 examples/driver_examples.o
 *fill*         0x0040255d        0x3 
 .rodata.str1.4
                0x00402560       0x1b hal/src/hal_can_async.o
 *fill*         0x0040257b        0x1 
 .rodata.str1.4
                0x0040257c       0x14 hal/src/hal_io.o
 .rodata.str1.4
                0x00402590       0x1c hal/src/hal_usart_sync.o
 .rodata        0x004025ac       0x10 hpl/mcan/hpl_mcan.o
 .rodata        0x004025bc        0xc hpl/uart/hpl_uart.o
 .rodata.str1.4
                0x004025c8       0x18 hpl/uart/hpl_uart.o
                                 0x17 (size before relaxing)
 .rodata._global_impure_ptr
                0x004025e0        0x4 c:/program files (x86)/atmel/studio/7.0/toolchain/arm/arm-gnu-toolchain/bin/../lib/gcc/arm-none-eabi/6.3.1/../../../../arm-none-eabi/lib/thumb/v7e-m\libc_nano.a(lib_a-impure.o)
                0x004025e0                _global_impure_ptr
 .rodata.__sf_fake_stderr
                0x004025e4       0x20 c:/program files (x86)/atmel/studio/7.0/toolchain/arm/arm-gnu-toolchain/bin/../lib/gcc/arm-none-eabi/6.3.1/../../../../arm-none-eabi/lib/thumb/v7e-m\libc_nano.a(lib_a-findfp.o)
                0x004025e4                __sf_fake_stderr
 .rodata.__sf_fake_stdin
                0x00402604       0x20 c:/program files (x86)/atmel/studio/7.0/toolchain/arm/arm-gnu-toolchain/bin/../lib/gcc/arm-none-eabi/6.3.1/../../../../arm-none-eabi/lib/thumb/v7e-m\libc_nano.a(lib_a-findfp.o)
                0x00402604                __sf_fake_stdin
 .rodata.__sf_fake_stdout
                0x00402624       0x20 c:/program files (x86)/atmel/studio/7.0/toolchain/arm/arm-gnu-toolchain/bin/../lib/gcc/arm-none-eabi/6.3.1/../../../../arm-none-eabi/lib/thumb/v7e-m\libc_nano.a(lib_a-findfp.o)
                0x00402624                __sf_fake_stdout
 .rodata._vfprintf_r.str1.1
                0x00402644       0x11 c:/program files (x86)/atmel/studio/7.0/toolchain/arm/arm-gnu-toolchain/bin/../lib/gcc/arm-none-eabi/6.3.1/../../../../arm-none-eabi/lib/thumb/v7e-m\libc_nano.a(lib_a-nano-vfprintf.o)
 .rodata._printf_i.str1.1
                0x00402655       0x22 c:/program files (x86)/atmel/studio/7.0/toolchain/arm/arm-gnu-toolchain/bin/../lib/gcc/arm-none-eabi/6.3.1/../../../../arm-none-eabi/lib/thumb/v7e-m\libc_nano.a(lib_a-nano-vfprintf_i.o)
 *(.ARM.extab* .gnu.linkonce.armextab.*)
                0x00402678                . = ALIGN (0x4)
 *fill*         0x00402677        0x1 
 *(.init)
 .init          0x00402678        0x4 c:/program files (x86)/atmel/studio/7.0/toolchain/arm/arm-gnu-toolchain/bin/../lib/gcc/arm-none-eabi/6.3.1/thumb/v7e-m/crti.o
                0x00402678                _init
 .init          0x0040267c        0x8 c:/program files (x86)/atmel/studio/7.0/toolchain/arm/arm-gnu-toolchain/bin/../lib/gcc/arm-none-eabi/6.3.1/thumb/v7e-m/crtn.o
                0x00402684                . = ALIGN (0x4)
                0x00402684                __preinit_array_start = .
 *(.preinit_array)
                0x00402684                __preinit_array_end = .
                0x00402684                . = ALIGN (0x4)
                0x00402684                __init_array_start = .
 *(SORT(.init_array.*))
 *(.init_array)
 .init_array    0x00402684        0x4 c:/program files (x86)/atmel/studio/7.0/toolchain/arm/arm-gnu-toolchain/bin/../lib/gcc/arm-none-eabi/6.3.1/thumb/v7e-m/crtbegin.o
                0x00402688                __init_array_end = .
                0x00402688                . = ALIGN (0x4)
 *crtbegin.o(.ctors)
 *(EXCLUDE_FILE(*crtend.o) .ctors)
 *(SORT(.ctors.*))
 *crtend.o(.ctors)
                0x00402688                . = ALIGN (0x4)
 *(.fini)
 .fini          0x00402688        0x4 c:/program files (x86)/atmel/studio/7.0/toolchain/arm/arm-gnu-toolchain/bin/../lib/gcc/arm-none-eabi/6.3.1/thumb/v7e-m/crti.o
                0x00402688                _fini
 .fini          0x0040268c        0x8 c:/program files (x86)/atmel/studio/7.0/toolchain/arm/arm-gnu-toolchain/bin/../lib/gcc/arm-none-eabi/6.3.1/thumb/v7e-m/crtn.o
                0x00402694                . = ALIGN (0x4)
                0x00402694                __fini_array_start = .
 *(.fini_array)
 .fini_array    0x00402694        0x4 c:/program files (x86)/atmel/studio/7.0/toolchain/arm/arm-gnu-toolchain/bin/../lib/gcc/arm-none-eabi/6.3.1/thumb/v7e-m/crtbegin.o
 *(SORT(.fini_array.*))
                0x00402698                __fini_array_end = .
 *crtbegin.o(.dtors)
 *(EXCLUDE_FILE(*crtend.o) .dtors)
 *(SORT(.dtors.*))
 *crtend.o(.dtors)
                0x00402698                . = ALIGN (0x4)
                0x00402698                _efixed = .
                [!provide]                PROVIDE (__exidx_start, .)

.vfp11_veneer   0x00402698        0x0
 .vfp11_veneer  0x00402698        0x0 linker stubs

.v4_bx          0x00402698        0x0
 .v4_bx         0x00402698        0x0 linker stubs

.iplt           0x00402698        0x0
 .iplt          0x00402698        0x0 c:/program files (x86)/atmel/studio/7.0/toolchain/arm/arm-gnu-toolchain/bin/../lib/gcc/arm-none-eabi/6.3.1/thumb/v7e-m/crtbegin.o

.eh_frame       0x00402698        0x0
 .eh_frame      0x00402698        0x0 c:/program files (x86)/atmel/studio/7.0/toolchain/arm/arm-gnu-toolchain/bin/../lib/gcc/arm-none-eabi/6.3.1/thumb/v7e-m/crtbegin.o

.rel.dyn        0x00402698        0x0
 .rel.iplt      0x00402698        0x0 c:/program files (x86)/atmel/studio/7.0/toolchain/arm/arm-gnu-toolchain/bin/../lib/gcc/arm-none-eabi/6.3.1/thumb/v7e-m/crtbegin.o

.jcr            0x00402698        0x0
 .jcr           0x00402698        0x0 c:/program files (x86)/atmel/studio/7.0/toolchain/arm/arm-gnu-toolchain/bin/../lib/gcc/arm-none-eabi/6.3.1/thumb/v7e-m/crtbegin.o

.igot.plt       0x00402698        0x0
 .igot.plt      0x00402698        0x0 c:/program files (x86)/atmel/studio/7.0/toolchain/arm/arm-gnu-toolchain/bin/../lib/gcc/arm-none-eabi/6.3.1/thumb/v7e-m/crtbegin.o

.ARM.exidx
 *(.ARM.exidx* .gnu.linkonce.armexidx.*)
                [!provide]                PROVIDE (__exidx_end, .)
                0x00402698                . = ALIGN (0x4)
                0x00402698                _etext = .

.relocate       0x20400000       0x8c load address 0x00402698
                0x20400000                . = ALIGN (0x4)
                0x20400000                _srelocate = .
 *(.ramfunc .ramfunc.*)
 *(.data .data.*)
 .data          0x20400000       0x28 hpl/mcan/hpl_mcan.o
                0x20400000                _can0_context
                0x20400014                _can1_context
 .data._impure_ptr
                0x20400028        0x4 c:/program files (x86)/atmel/studio/7.0/toolchain/arm/arm-gnu-toolchain/bin/../lib/gcc/arm-none-eabi/6.3.1/../../../../arm-none-eabi/lib/thumb/v7e-m\libc_nano.a(lib_a-impure.o)
                0x20400028                _impure_ptr
 .data.impure_data
                0x2040002c       0x60 c:/program files (x86)/atmel/studio/7.0/toolchain/arm/arm-gnu-toolchain/bin/../lib/gcc/arm-none-eabi/6.3.1/../../../../arm-none-eabi/lib/thumb/v7e-m\libc_nano.a(lib_a-impure.o)
                0x2040008c                . = ALIGN (0x4)
                0x2040008c                _erelocate = .

.bss            0x2040008c      0x270 load address 0x00402724
                0x2040008c                . = ALIGN (0x4)
                0x2040008c                _sbss = .
                0x2040008c                _szero = .
 *(.bss .bss.*)
 .bss           0x2040008c       0x1c c:/program files (x86)/atmel/studio/7.0/toolchain/arm/arm-gnu-toolchain/bin/../lib/gcc/arm-none-eabi/6.3.1/thumb/v7e-m/crtbegin.o
 .bss           0x204000a8        0x2 examples/driver_examples.o
 *fill*         0x204000aa        0x2 
 .bss           0x204000ac        0x4 hal/src/hal_delay.o
 .bss           0x204000b0        0x4 hal/utils/src/utils_syscalls.o
 .bss           0x204000b4       0x58 hpl/mcan/hpl_mcan.o
 .bss           0x2040010c        0x1 main.o
 *fill*         0x2040010d        0x3 
 .bss           0x20400110        0x4 stdio_redirect/stdio_io.o
 .bss.__malloc_free_list
                0x20400114        0x4 c:/program files (x86)/atmel/studio/7.0/toolchain/arm/arm-gnu-toolchain/bin/../lib/gcc/arm-none-eabi/6.3.1/../../../../arm-none-eabi/lib/thumb/v7e-m\libc_nano.a(lib_a-nano-mallocr.o)
                0x20400114                __malloc_free_list
 .bss.__malloc_sbrk_start
                0x20400118        0x4 c:/program files (x86)/atmel/studio/7.0/toolchain/arm/arm-gnu-toolchain/bin/../lib/gcc/arm-none-eabi/6.3.1/../../../../arm-none-eabi/lib/thumb/v7e-m\libc_nano.a(lib_a-nano-mallocr.o)
                0x20400118                __malloc_sbrk_start
 *(COMMON)
 COMMON         0x2040011c       0x5c driver_init.o
                0x2040011c                CAN_0
                0x20400144                TARGET_IO
                0x20400150                CAN_1
 COMMON         0x20400178      0x180 hpl/mcan/hpl_mcan.o
                0x20400178                can0_rx_fifo
                0x204001d8                can1_tx_fifo
                0x20400238                can1_rx_fifo
                0x20400298                can0_tx_fifo
 COMMON         0x204002f8        0x4 c:/program files (x86)/atmel/studio/7.0/toolchain/arm/arm-gnu-toolchain/bin/../lib/gcc/arm-none-eabi/6.3.1/../../../../arm-none-eabi/lib/thumb/v7e-m\libc_nano.a(lib_a-reent.o)
                0x204002f8                errno
                0x204002fc                . = ALIGN (0x4)
                0x204002fc                _ebss = .
                0x204002fc                _ezero = .

.heap           0x204002fc      0x204 load address 0x00402994
                0x20400300                . = ALIGN (0x8)
 *fill*         0x204002fc        0x4 
                0x20400300                _sheap = .
                0x20400500                . = (. + HEAP_SIZE)
 *fill*         0x20400300      0x200 
                0x20400500                . = ALIGN (0x8)
                0x20400500                _eheap = .

.stack          0x20400500      0x400 load address 0x00402b98
                0x20400500                . = ALIGN (0x8)
                0x20400500                _sstack = .
                0x20400900                . = (. + STACK_SIZE)
 *fill*         0x20400500      0x400 
                0x20400900                . = ALIGN (0x8)
                0x20400900                _estack = .
                0x20400900                . = ALIGN (0x4)
                0x20400900                _end = .
                0x2045ffff                _ram_end_ = ((ORIGIN (ram) + LENGTH (ram)) - 0x1)
OUTPUT(JustDoIt_CAN_v4.elf elf32-littlearm)

.ARM.attributes
                0x00000000       0x2e
 .ARM.attributes
                0x00000000       0x1e c:/program files (x86)/atmel/studio/7.0/toolchain/arm/arm-gnu-toolchain/bin/../lib/gcc/arm-none-eabi/6.3.1/thumb/v7e-m/crti.o
 .ARM.attributes
                0x0000001e       0x2e c:/program files (x86)/atmel/studio/7.0/toolchain/arm/arm-gnu-toolchain/bin/../lib/gcc/arm-none-eabi/6.3.1/thumb/v7e-m/crtbegin.o
 .ARM.attributes
                0x0000004c       0x37 atmel_start.o
 .ARM.attributes
                0x00000083       0x37 Device_Startup/startup_samv71q21b.o
 .ARM.attributes
                0x000000ba       0x37 driver_init.o
 .ARM.attributes
                0x000000f1       0x37 examples/driver_examples.o
 .ARM.attributes
                0x00000128       0x37 hal/src/hal_atomic.o
 .ARM.attributes
                0x0000015f       0x37 hal/src/hal_can_async.o
 .ARM.attributes
                0x00000196       0x37 hal/src/hal_delay.o
 .ARM.attributes
                0x000001cd       0x37 hal/src/hal_io.o
 .ARM.attributes
                0x00000204       0x37 hal/src/hal_usart_sync.o
 .ARM.attributes
                0x0000023b       0x37 hal/utils/src/utils_assert.o
 .ARM.attributes
                0x00000272       0x37 hal/utils/src/utils_syscalls.o
 .ARM.attributes
                0x000002a9       0x37 hpl/core/hpl_core_m7_base.o
 .ARM.attributes
                0x000002e0       0x37 hpl/core/hpl_init.o
 .ARM.attributes
                0x00000317       0x37 hpl/mcan/hpl_mcan.o
 .ARM.attributes
                0x0000034e       0x37 hpl/pmc/hpl_pmc.o
 .ARM.attributes
                0x00000385       0x37 hpl/systick/hpl_systick_ARMv7_base.o
 .ARM.attributes
                0x000003bc       0x37 hpl/uart/hpl_uart.o
 .ARM.attributes
                0x000003f3       0x37 main.o
 .ARM.attributes
                0x0000042a       0x37 stdio_redirect/gcc/read.o
 .ARM.attributes
                0x00000461       0x37 stdio_redirect/gcc/write.o
 .ARM.attributes
                0x00000498       0x37 stdio_redirect/stdio_io.o
 .ARM.attributes
                0x000004cf       0x37 stdio_start.o
 .ARM.attributes
                0x00000506       0x2e c:/program files (x86)/atmel/studio/7.0/toolchain/arm/arm-gnu-toolchain/bin/../lib/gcc/arm-none-eabi/6.3.1/../../../../arm-none-eabi/lib/thumb/v7e-m\libc_nano.a(lib_a-impure.o)
 .ARM.attributes
                0x00000534       0x2e c:/program files (x86)/atmel/studio/7.0/toolchain/arm/arm-gnu-toolchain/bin/../lib/gcc/arm-none-eabi/6.3.1/../../../../arm-none-eabi/lib/thumb/v7e-m\libc_nano.a(lib_a-init.o)
 .ARM.attributes
                0x00000562       0x2e c:/program files (x86)/atmel/studio/7.0/toolchain/arm/arm-gnu-toolchain/bin/../lib/gcc/arm-none-eabi/6.3.1/../../../../arm-none-eabi/lib/thumb/v7e-m\libc_nano.a(lib_a-memcpy-stub.o)
 .ARM.attributes
                0x00000590       0x2e c:/program files (x86)/atmel/studio/7.0/toolchain/arm/arm-gnu-toolchain/bin/../lib/gcc/arm-none-eabi/6.3.1/../../../../arm-none-eabi/lib/thumb/v7e-m\libc_nano.a(lib_a-memset.o)
 .ARM.attributes
                0x000005be       0x2e c:/program files (x86)/atmel/studio/7.0/toolchain/arm/arm-gnu-toolchain/bin/../lib/gcc/arm-none-eabi/6.3.1/../../../../arm-none-eabi/lib/thumb/v7e-m\libc_nano.a(lib_a-printf.o)
 .ARM.attributes
                0x000005ec       0x2e c:/program files (x86)/atmel/studio/7.0/toolchain/arm/arm-gnu-toolchain/bin/../lib/gcc/arm-none-eabi/6.3.1/../../../../arm-none-eabi/lib/thumb/v7e-m\libc_nano.a(lib_a-setbuf.o)
 .ARM.attributes
                0x0000061a       0x2e c:/program files (x86)/atmel/studio/7.0/toolchain/arm/arm-gnu-toolchain/bin/../lib/gcc/arm-none-eabi/6.3.1/../../../../arm-none-eabi/lib/thumb/v7e-m\libc_nano.a(lib_a-setvbuf.o)
 .ARM.attributes
                0x00000648       0x2e c:/program files (x86)/atmel/studio/7.0/toolchain/arm/arm-gnu-toolchain/bin/../lib/gcc/arm-none-eabi/6.3.1/../../../../arm-none-eabi/lib/thumb/v7e-m\libc_nano.a(lib_a-wbuf.o)
 .ARM.attributes
                0x00000676       0x2e c:/program files (x86)/atmel/studio/7.0/toolchain/arm/arm-gnu-toolchain/bin/../lib/gcc/arm-none-eabi/6.3.1/../../../../arm-none-eabi/lib/thumb/v7e-m\libc_nano.a(lib_a-wsetup.o)
 .ARM.attributes
                0x000006a4       0x2e c:/program files (x86)/atmel/studio/7.0/toolchain/arm/arm-gnu-toolchain/bin/../lib/gcc/arm-none-eabi/6.3.1/../../../../arm-none-eabi/lib/thumb/v7e-m\libc_nano.a(lib_a-fflush.o)
 .ARM.attributes
                0x000006d2       0x2e c:/program files (x86)/atmel/studio/7.0/toolchain/arm/arm-gnu-toolchain/bin/../lib/gcc/arm-none-eabi/6.3.1/../../../../arm-none-eabi/lib/thumb/v7e-m\libc_nano.a(lib_a-findfp.o)
 .ARM.attributes
                0x00000700       0x2e c:/program files (x86)/atmel/studio/7.0/toolchain/arm/arm-gnu-toolchain/bin/../lib/gcc/arm-none-eabi/6.3.1/../../../../arm-none-eabi/lib/thumb/v7e-m\libc_nano.a(lib_a-fwalk.o)
 .ARM.attributes
                0x0000072e       0x2e c:/program files (x86)/atmel/studio/7.0/toolchain/arm/arm-gnu-toolchain/bin/../lib/gcc/arm-none-eabi/6.3.1/../../../../arm-none-eabi/lib/thumb/v7e-m\libc_nano.a(lib_a-makebuf.o)
 .ARM.attributes
                0x0000075c       0x2e c:/program files (x86)/atmel/studio/7.0/toolchain/arm/arm-gnu-toolchain/bin/../lib/gcc/arm-none-eabi/6.3.1/../../../../arm-none-eabi/lib/thumb/v7e-m\libc_nano.a(lib_a-malloc.o)
 .ARM.attributes
                0x0000078a       0x2e c:/program files (x86)/atmel/studio/7.0/toolchain/arm/arm-gnu-toolchain/bin/../lib/gcc/arm-none-eabi/6.3.1/../../../../arm-none-eabi/lib/thumb/v7e-m\libc_nano.a(lib_a-nano-freer.o)
 .ARM.attributes
                0x000007b8       0x2e c:/program files (x86)/atmel/studio/7.0/toolchain/arm/arm-gnu-toolchain/bin/../lib/gcc/arm-none-eabi/6.3.1/../../../../arm-none-eabi/lib/thumb/v7e-m\libc_nano.a(lib_a-nano-mallocr.o)
 .ARM.attributes
                0x000007e6       0x2e c:/program files (x86)/atmel/studio/7.0/toolchain/arm/arm-gnu-toolchain/bin/../lib/gcc/arm-none-eabi/6.3.1/../../../../arm-none-eabi/lib/thumb/v7e-m\libc_nano.a(lib_a-nano-vfprintf.o)
 .ARM.attributes
                0x00000814       0x2e c:/program files (x86)/atmel/studio/7.0/toolchain/arm/arm-gnu-toolchain/bin/../lib/gcc/arm-none-eabi/6.3.1/../../../../arm-none-eabi/lib/thumb/v7e-m\libc_nano.a(lib_a-nano-vfprintf_i.o)
 .ARM.attributes
                0x00000842       0x2e c:/program files (x86)/atmel/studio/7.0/toolchain/arm/arm-gnu-toolchain/bin/../lib/gcc/arm-none-eabi/6.3.1/../../../../arm-none-eabi/lib/thumb/v7e-m\libc_nano.a(lib_a-sbrkr.o)
 .ARM.attributes
                0x00000870       0x2e c:/program files (x86)/atmel/studio/7.0/toolchain/arm/arm-gnu-toolchain/bin/../lib/gcc/arm-none-eabi/6.3.1/../../../../arm-none-eabi/lib/thumb/v7e-m\libc_nano.a(lib_a-stdio.o)
 .ARM.attributes
                0x0000089e       0x2e c:/program files (x86)/atmel/studio/7.0/toolchain/arm/arm-gnu-toolchain/bin/../lib/gcc/arm-none-eabi/6.3.1/../../../../arm-none-eabi/lib/thumb/v7e-m\libc_nano.a(lib_a-writer.o)
 .ARM.attributes
                0x000008cc       0x2e c:/program files (x86)/atmel/studio/7.0/toolchain/arm/arm-gnu-toolchain/bin/../lib/gcc/arm-none-eabi/6.3.1/../../../../arm-none-eabi/lib/thumb/v7e-m\libc_nano.a(lib_a-closer.o)
 .ARM.attributes
                0x000008fa       0x2e c:/program files (x86)/atmel/studio/7.0/toolchain/arm/arm-gnu-toolchain/bin/../lib/gcc/arm-none-eabi/6.3.1/../../../../arm-none-eabi/lib/thumb/v7e-m\libc_nano.a(lib_a-fstatr.o)
 .ARM.attributes
                0x00000928       0x2e c:/program files (x86)/atmel/studio/7.0/toolchain/arm/arm-gnu-toolchain/bin/../lib/gcc/arm-none-eabi/6.3.1/../../../../arm-none-eabi/lib/thumb/v7e-m\libc_nano.a(lib_a-isattyr.o)
 .ARM.attributes
                0x00000956       0x2e c:/program files (x86)/atmel/studio/7.0/toolchain/arm/arm-gnu-toolchain/bin/../lib/gcc/arm-none-eabi/6.3.1/../../../../arm-none-eabi/lib/thumb/v7e-m\libc_nano.a(lib_a-lseekr.o)
 .ARM.attributes
                0x00000984       0x1c c:/program files (x86)/atmel/studio/7.0/toolchain/arm/arm-gnu-toolchain/bin/../lib/gcc/arm-none-eabi/6.3.1/../../../../arm-none-eabi/lib/thumb/v7e-m\libc_nano.a(lib_a-memchr.o)
 .ARM.attributes
                0x000009a0       0x2e c:/program files (x86)/atmel/studio/7.0/toolchain/arm/arm-gnu-toolchain/bin/../lib/gcc/arm-none-eabi/6.3.1/../../../../arm-none-eabi/lib/thumb/v7e-m\libc_nano.a(lib_a-mlock.o)
 .ARM.attributes
                0x000009ce       0x2e c:/program files (x86)/atmel/studio/7.0/toolchain/arm/arm-gnu-toolchain/bin/../lib/gcc/arm-none-eabi/6.3.1/../../../../arm-none-eabi/lib/thumb/v7e-m\libc_nano.a(lib_a-readr.o)
 .ARM.attributes
                0x000009fc       0x2e c:/program files (x86)/atmel/studio/7.0/toolchain/arm/arm-gnu-toolchain/bin/../lib/gcc/arm-none-eabi/6.3.1/../../../../arm-none-eabi/lib/thumb/v7e-m\libc_nano.a(lib_a-reent.o)
 .ARM.attributes
                0x00000a2a       0x1e c:/program files (x86)/atmel/studio/7.0/toolchain/arm/arm-gnu-toolchain/bin/../lib/gcc/arm-none-eabi/6.3.1/thumb/v7e-m/crtn.o

.comment        0x00000000       0x59
 .comment       0x00000000       0x59 atmel_start.o
                                 0x5a (size before relaxing)
 .comment       0x00000059       0x5a Device_Startup/startup_samv71q21b.o
 .comment       0x00000059       0x5a driver_init.o
 .comment       0x00000059       0x5a examples/driver_examples.o
 .comment       0x00000059       0x5a hal/src/hal_atomic.o
 .comment       0x00000059       0x5a hal/src/hal_can_async.o
 .comment       0x00000059       0x5a hal/src/hal_delay.o
 .comment       0x00000059       0x5a hal/src/hal_io.o
 .comment       0x00000059       0x5a hal/src/hal_usart_sync.o
 .comment       0x00000059       0x5a hal/utils/src/utils_assert.o
 .comment       0x00000059       0x5a hal/utils/src/utils_syscalls.o
 .comment       0x00000059       0x5a hpl/core/hpl_core_m7_base.o
 .comment       0x00000059       0x5a hpl/core/hpl_init.o
 .comment       0x00000059       0x5a hpl/mcan/hpl_mcan.o
 .comment       0x00000059       0x5a hpl/pmc/hpl_pmc.o
 .comment       0x00000059       0x5a hpl/systick/hpl_systick_ARMv7_base.o
 .comment       0x00000059       0x5a hpl/uart/hpl_uart.o
 .comment       0x00000059       0x5a main.o
 .comment       0x00000059       0x5a stdio_redirect/gcc/read.o
 .comment       0x00000059       0x5a stdio_redirect/gcc/write.o
 .comment       0x00000059       0x5a stdio_redirect/stdio_io.o
 .comment       0x00000059       0x5a stdio_start.o

.debug_info     0x00000000    0x134e4
 .debug_info    0x00000000      0xd00 atmel_start.o
 .debug_info    0x00000d00      0xb34 Device_Startup/startup_samv71q21b.o
 .debug_info    0x00001834     0x23e1 driver_init.o
 .debug_info    0x00003c15     0x1269 examples/driver_examples.o
 .debug_info    0x00004e7e      0x1fa hal/src/hal_atomic.o
 .debug_info    0x00005078      0xaf0 hal/src/hal_can_async.o
 .debug_info    0x00005b68      0x205 hal/src/hal_delay.o
 .debug_info    0x00005d6d      0x311 hal/src/hal_io.o
 .debug_info    0x0000607e      0xd3b hal/src/hal_usart_sync.o
 .debug_info    0x00006db9      0x130 hal/utils/src/utils_assert.o
 .debug_info    0x00006ee9      0xdca hal/utils/src/utils_syscalls.o
 .debug_info    0x00007cb3      0xd3b hpl/core/hpl_core_m7_base.o
 .debug_info    0x000089ee      0x6be hpl/core/hpl_init.o
 .debug_info    0x000090ac     0x2e86 hpl/mcan/hpl_mcan.o
 .debug_info    0x0000bf32      0x9a2 hpl/pmc/hpl_pmc.o
 .debug_info    0x0000c8d4      0x289 hpl/systick/hpl_systick_ARMv7_base.o
 .debug_info    0x0000cb5d     0x2d3a hpl/uart/hpl_uart.o
 .debug_info    0x0000f897      0xe4b main.o
 .debug_info    0x000106e2      0xa5d stdio_redirect/gcc/read.o
 .debug_info    0x0001113f      0xa5d stdio_redirect/gcc/write.o
 .debug_info    0x00011b9c      0xbf7 stdio_redirect/stdio_io.o
 .debug_info    0x00012793      0xd51 stdio_start.o

.debug_abbrev   0x00000000     0x2d52
 .debug_abbrev  0x00000000      0x1ce atmel_start.o
 .debug_abbrev  0x000001ce      0x153 Device_Startup/startup_samv71q21b.o
 .debug_abbrev  0x00000321      0x2f7 driver_init.o
 .debug_abbrev  0x00000618      0x252 examples/driver_examples.o
 .debug_abbrev  0x0000086a      0x155 hal/src/hal_atomic.o
 .debug_abbrev  0x000009bf      0x1a3 hal/src/hal_can_async.o
 .debug_abbrev  0x00000b62       0xf9 hal/src/hal_delay.o
 .debug_abbrev  0x00000c5b      0x12d hal/src/hal_io.o
 .debug_abbrev  0x00000d88      0x22f hal/src/hal_usart_sync.o
 .debug_abbrev  0x00000fb7       0x9e hal/utils/src/utils_assert.o
 .debug_abbrev  0x00001055      0x269 hal/utils/src/utils_syscalls.o
 .debug_abbrev  0x000012be      0x293 hpl/core/hpl_core_m7_base.o
 .debug_abbrev  0x00001551      0x1e7 hpl/core/hpl_init.o
 .debug_abbrev  0x00001738      0x4a2 hpl/mcan/hpl_mcan.o
 .debug_abbrev  0x00001bda      0x1b5 hpl/pmc/hpl_pmc.o
 .debug_abbrev  0x00001d8f      0x174 hpl/systick/hpl_systick_ARMv7_base.o
 .debug_abbrev  0x00001f03      0x433 hpl/uart/hpl_uart.o
 .debug_abbrev  0x00002336      0x212 main.o
 .debug_abbrev  0x00002548      0x1ef stdio_redirect/gcc/read.o
 .debug_abbrev  0x00002737      0x1ef stdio_redirect/gcc/write.o
 .debug_abbrev  0x00002926      0x230 stdio_redirect/stdio_io.o
 .debug_abbrev  0x00002b56      0x1fc stdio_start.o

.debug_loc      0x00000000     0x4dc8
 .debug_loc     0x00000000       0x20 atmel_start.o
 .debug_loc     0x00000020       0x78 Device_Startup/startup_samv71q21b.o
 .debug_loc     0x00000098      0x59e driver_init.o
 .debug_loc     0x00000636      0x17c examples/driver_examples.o
 .debug_loc     0x000007b2       0x13 hal/src/hal_atomic.o
 .debug_loc     0x000007c5      0x603 hal/src/hal_can_async.o
 .debug_loc     0x00000dc8       0xc3 hal/src/hal_delay.o
 .debug_loc     0x00000e8b      0x132 hal/src/hal_io.o
 .debug_loc     0x00000fbd      0x8b2 hal/src/hal_usart_sync.o
 .debug_loc     0x0000186f      0x13b hal/utils/src/utils_syscalls.o
 .debug_loc     0x000019aa      0x23a hpl/core/hpl_core_m7_base.o
 .debug_loc     0x00001be4       0x77 hpl/core/hpl_init.o
 .debug_loc     0x00001c5b      0xee2 hpl/mcan/hpl_mcan.o
 .debug_loc     0x00002b3d      0x24a hpl/pmc/hpl_pmc.o
 .debug_loc     0x00002d87      0x127 hpl/systick/hpl_systick_ARMv7_base.o
 .debug_loc     0x00002eae     0x1b37 hpl/uart/hpl_uart.o
 .debug_loc     0x000049e5       0x2c main.o
 .debug_loc     0x00004a11       0xff stdio_redirect/gcc/read.o
 .debug_loc     0x00004b10       0xf3 stdio_redirect/gcc/write.o
 .debug_loc     0x00004c03      0x185 stdio_redirect/stdio_io.o
 .debug_loc     0x00004d88       0x40 stdio_start.o

.debug_aranges  0x00000000      0x780
 .debug_aranges
                0x00000000       0x20 atmel_start.o
 .debug_aranges
                0x00000020       0x28 Device_Startup/startup_samv71q21b.o
 .debug_aranges
                0x00000048       0x70 driver_init.o
 .debug_aranges
                0x000000b8       0x58 examples/driver_examples.o
 .debug_aranges
                0x00000110       0x30 hal/src/hal_atomic.o
 .debug_aranges
                0x00000140       0x90 hal/src/hal_can_async.o
 .debug_aranges
                0x000001d0       0x38 hal/src/hal_delay.o
 .debug_aranges
                0x00000208       0x30 hal/src/hal_io.o
 .debug_aranges
                0x00000238       0xa8 hal/src/hal_usart_sync.o
 .debug_aranges
                0x000002e0       0x20 hal/utils/src/utils_assert.o
 .debug_aranges
                0x00000300       0x60 hal/utils/src/utils_syscalls.o
 .debug_aranges
                0x00000360       0x70 hpl/core/hpl_core_m7_base.o
 .debug_aranges
                0x000003d0       0x20 hpl/core/hpl_init.o
 .debug_aranges
                0x000003f0       0x88 hpl/mcan/hpl_mcan.o
 .debug_aranges
                0x00000478       0x38 hpl/pmc/hpl_pmc.o
 .debug_aranges
                0x000004b0       0x48 hpl/systick/hpl_systick_ARMv7_base.o
 .debug_aranges
                0x000004f8      0x1c8 hpl/uart/hpl_uart.o
 .debug_aranges
                0x000006c0       0x20 main.o
 .debug_aranges
                0x000006e0       0x20 stdio_redirect/gcc/read.o
 .debug_aranges
                0x00000700       0x20 stdio_redirect/gcc/write.o
 .debug_aranges
                0x00000720       0x38 stdio_redirect/stdio_io.o
 .debug_aranges
                0x00000758       0x28 stdio_start.o

.debug_ranges   0x00000000      0x620
 .debug_ranges  0x00000000       0x10 atmel_start.o
 .debug_ranges  0x00000010       0x18 Device_Startup/startup_samv71q21b.o
 .debug_ranges  0x00000028       0x60 driver_init.o
 .debug_ranges  0x00000088       0x48 examples/driver_examples.o
 .debug_ranges  0x000000d0       0x20 hal/src/hal_atomic.o
 .debug_ranges  0x000000f0       0x80 hal/src/hal_can_async.o
 .debug_ranges  0x00000170       0x28 hal/src/hal_delay.o
 .debug_ranges  0x00000198       0x20 hal/src/hal_io.o
 .debug_ranges  0x000001b8       0x98 hal/src/hal_usart_sync.o
 .debug_ranges  0x00000250       0x10 hal/utils/src/utils_assert.o
 .debug_ranges  0x00000260       0x50 hal/utils/src/utils_syscalls.o
 .debug_ranges  0x000002b0       0x60 hpl/core/hpl_core_m7_base.o
 .debug_ranges  0x00000310       0x10 hpl/core/hpl_init.o
 .debug_ranges  0x00000320       0x78 hpl/mcan/hpl_mcan.o
 .debug_ranges  0x00000398       0x28 hpl/pmc/hpl_pmc.o
 .debug_ranges  0x000003c0       0x38 hpl/systick/hpl_systick_ARMv7_base.o
 .debug_ranges  0x000003f8      0x1b8 hpl/uart/hpl_uart.o
 .debug_ranges  0x000005b0       0x10 main.o
 .debug_ranges  0x000005c0       0x10 stdio_redirect/gcc/read.o
 .debug_ranges  0x000005d0       0x10 stdio_redirect/gcc/write.o
 .debug_ranges  0x000005e0       0x28 stdio_redirect/stdio_io.o
 .debug_ranges  0x00000608       0x18 stdio_start.o

.debug_macro    0x00000000    0x404b0
 .debug_macro   0x00000000      0x8fa atmel_start.o
 .debug_macro   0x000008fa      0x8b0 atmel_start.o
 .debug_macro   0x000011aa      0x16d atmel_start.o
 .debug_macro   0x00001317       0x22 atmel_start.o
 .debug_macro   0x00001339       0x87 atmel_start.o
 .debug_macro   0x000013c0       0x51 atmel_start.o
 .debug_macro   0x00001411       0xef atmel_start.o
 .debug_macro   0x00001500       0x6a atmel_start.o
 .debug_macro   0x0000156a      0x1df atmel_start.o
 .debug_macro   0x00001749       0x22 atmel_start.o
 .debug_macro   0x0000176b       0xd7 atmel_start.o
 .debug_macro   0x00001842       0x1c atmel_start.o
 .debug_macro   0x0000185e       0x22 atmel_start.o
 .debug_macro   0x00001880       0xdf atmel_start.o
 .debug_macro   0x0000195f     0x12cd atmel_start.o
 .debug_macro   0x00002c2c      0x11f atmel_start.o
 .debug_macro   0x00002d4b       0x19 atmel_start.o
 .debug_macro   0x00002d64      0x3e2 atmel_start.o
 .debug_macro   0x00003146      0x5a9 atmel_start.o
 .debug_macro   0x000036ef     0x1797 atmel_start.o
 .debug_macro   0x00004e86      0x3bb atmel_start.o
 .debug_macro   0x00005241      0x830 atmel_start.o
 .debug_macro   0x00005a71      0x316 atmel_start.o
 .debug_macro   0x00005d87     0x269d atmel_start.o
 .debug_macro   0x00008424       0x40 atmel_start.o
 .debug_macro   0x00008464     0x105e atmel_start.o
 .debug_macro   0x000094c2      0x60b atmel_start.o
 .debug_macro   0x00009acd      0x555 atmel_start.o
 .debug_macro   0x0000a022      0xb8f atmel_start.o
 .debug_macro   0x0000abb1      0x62e atmel_start.o
 .debug_macro   0x0000b1df     0x3ac9 atmel_start.o
 .debug_macro   0x0000eca8      0x6bf atmel_start.o
 .debug_macro   0x0000f367     0x83ff atmel_start.o
 .debug_macro   0x00017766     0x326e atmel_start.o
 .debug_macro   0x0001a9d4     0x24d0 atmel_start.o
 .debug_macro   0x0001cea4      0x87f atmel_start.o
 .debug_macro   0x0001d723      0x17d atmel_start.o
 .debug_macro   0x0001d8a0      0x118 atmel_start.o
 .debug_macro   0x0001d9b8      0x909 atmel_start.o
 .debug_macro   0x0001e2c1      0x125 atmel_start.o
 .debug_macro   0x0001e3e6      0x503 atmel_start.o
 .debug_macro   0x0001e8e9      0x3e0 atmel_start.o
 .debug_macro   0x0001ecc9      0x709 atmel_start.o
 .debug_macro   0x0001f3d2      0xb64 atmel_start.o
 .debug_macro   0x0001ff36      0xf03 atmel_start.o
 .debug_macro   0x00020e39      0xff2 atmel_start.o
 .debug_macro   0x00021e2b      0x1a8 atmel_start.o
 .debug_macro   0x00021fd3      0x124 atmel_start.o
 .debug_macro   0x000220f7      0xbc2 atmel_start.o
 .debug_macro   0x00022cb9      0x5c5 atmel_start.o
 .debug_macro   0x0002327e     0x1afb atmel_start.o
 .debug_macro   0x00024d79      0x664 atmel_start.o
 .debug_macro   0x000253dd     0x41a7 atmel_start.o
 .debug_macro   0x00029584      0x64f atmel_start.o
 .debug_macro   0x00029bd3       0xc4 atmel_start.o
 .debug_macro   0x00029c97      0x12d atmel_start.o
 .debug_macro   0x00029dc4     0x2a5f atmel_start.o
 .debug_macro   0x0002c823       0x7c atmel_start.o
 .debug_macro   0x0002c89f      0x14e atmel_start.o
 .debug_macro   0x0002c9ed       0xf4 atmel_start.o
 .debug_macro   0x0002cae1       0xf4 atmel_start.o
 .debug_macro   0x0002cbd5       0x16 atmel_start.o
 .debug_macro   0x0002cbeb       0x7c atmel_start.o
 .debug_macro   0x0002cc67       0x40 atmel_start.o
 .debug_macro   0x0002cca7      0x623 atmel_start.o
 .debug_macro   0x0002d2ca       0x40 atmel_start.o
 .debug_macro   0x0002d30a      0x7ce atmel_start.o
 .debug_macro   0x0002dad8       0x6a atmel_start.o
 .debug_macro   0x0002db42       0x6a atmel_start.o
 .debug_macro   0x0002dbac       0x88 atmel_start.o
 .debug_macro   0x0002dc34       0xac atmel_start.o
 .debug_macro   0x0002dce0      0x142 atmel_start.o
 .debug_macro   0x0002de22      0x138 atmel_start.o
 .debug_macro   0x0002df5a      0x138 atmel_start.o
 .debug_macro   0x0002e092       0xee atmel_start.o
 .debug_macro   0x0002e180      0x187 atmel_start.o
 .debug_macro   0x0002e307      0x180 atmel_start.o
 .debug_macro   0x0002e487      0x180 atmel_start.o
 .debug_macro   0x0002e607      0x180 atmel_start.o
 .debug_macro   0x0002e787      0x180 atmel_start.o
 .debug_macro   0x0002e907      0x121 atmel_start.o
 .debug_macro   0x0002ea28      0x352 atmel_start.o
 .debug_macro   0x0002ed7a      0x352 atmel_start.o
 .debug_macro   0x0002f0cc       0x82 atmel_start.o
 .debug_macro   0x0002f14e       0x22 atmel_start.o
 .debug_macro   0x0002f170       0x22 atmel_start.o
 .debug_macro   0x0002f192       0x58 atmel_start.o
 .debug_macro   0x0002f1ea       0x28 atmel_start.o
 .debug_macro   0x0002f212       0x64 atmel_start.o
 .debug_macro   0x0002f276       0x94 atmel_start.o
 .debug_macro   0x0002f30a       0x7c atmel_start.o
 .debug_macro   0x0002f386       0x7c atmel_start.o
 .debug_macro   0x0002f402       0x8e atmel_start.o
 .debug_macro   0x0002f490       0x34 atmel_start.o
 .debug_macro   0x0002f4c4      0x1a8 atmel_start.o
 .debug_macro   0x0002f66c      0x1a8 atmel_start.o
 .debug_macro   0x0002f814      0x1a8 atmel_start.o
 .debug_macro   0x0002f9bc      0x1a8 atmel_start.o
 .debug_macro   0x0002fb64       0x3a atmel_start.o
 .debug_macro   0x0002fb9e       0x82 atmel_start.o
 .debug_macro   0x0002fc20       0x82 atmel_start.o
 .debug_macro   0x0002fca2       0x82 atmel_start.o
 .debug_macro   0x0002fd24       0x70 atmel_start.o
 .debug_macro   0x0002fd94       0x70 atmel_start.o
 .debug_macro   0x0002fe04       0x70 atmel_start.o
 .debug_macro   0x0002fe74       0x70 atmel_start.o
 .debug_macro   0x0002fee4       0x70 atmel_start.o
 .debug_macro   0x0002ff54       0xf4 atmel_start.o
 .debug_macro   0x00030048       0xf4 atmel_start.o
 .debug_macro   0x0003013c       0xf4 atmel_start.o
 .debug_macro   0x00030230      0x71f atmel_start.o
 .debug_macro   0x0003094f       0x16 atmel_start.o
 .debug_macro   0x00030965       0x22 atmel_start.o
 .debug_macro   0x00030987      0x9bf atmel_start.o
 .debug_macro   0x00031346      0x59f atmel_start.o
 .debug_macro   0x000318e5     0x2879 atmel_start.o
 .debug_macro   0x0003415e      0x169 atmel_start.o
 .debug_macro   0x000342c7       0x10 atmel_start.o
 .debug_macro   0x000342d7       0x10 atmel_start.o
 .debug_macro   0x000342e7       0x16 atmel_start.o
 .debug_macro   0x000342fd       0x16 atmel_start.o
 .debug_macro   0x00034313       0x16 atmel_start.o
 .debug_macro   0x00034329       0x16 atmel_start.o
 .debug_macro   0x0003433f       0x16 atmel_start.o
 .debug_macro   0x00034355       0x16 atmel_start.o
 .debug_macro   0x0003436b       0x16 atmel_start.o
 .debug_macro   0x00034381       0x16 atmel_start.o
 .debug_macro   0x00034397       0x16 atmel_start.o
 .debug_macro   0x000343ad       0x16 atmel_start.o
 .debug_macro   0x000343c3       0x16 atmel_start.o
 .debug_macro   0x000343d9       0x16 atmel_start.o
 .debug_macro   0x000343ef       0x16 atmel_start.o
 .debug_macro   0x00034405       0x16 atmel_start.o
 .debug_macro   0x0003441b       0x16 atmel_start.o
 .debug_macro   0x00034431       0x16 atmel_start.o
 .debug_macro   0x00034447       0x16 atmel_start.o
 .debug_macro   0x0003445d       0x16 atmel_start.o
 .debug_macro   0x00034473       0x16 atmel_start.o
 .debug_macro   0x00034489       0x16 atmel_start.o
 .debug_macro   0x0003449f       0x16 atmel_start.o
 .debug_macro   0x000344b5       0x16 atmel_start.o
 .debug_macro   0x000344cb       0x16 atmel_start.o
 .debug_macro   0x000344e1       0x16 atmel_start.o
 .debug_macro   0x000344f7       0x16 atmel_start.o
 .debug_macro   0x0003450d       0x16 atmel_start.o
 .debug_macro   0x00034523       0x16 atmel_start.o
 .debug_macro   0x00034539      0x27e atmel_start.o
 .debug_macro   0x000347b7       0x16 atmel_start.o
 .debug_macro   0x000347cd       0x16 atmel_start.o
 .debug_macro   0x000347e3       0x16 atmel_start.o
 .debug_macro   0x000347f9      0x373 atmel_start.o
 .debug_macro   0x00034b6c       0xa9 atmel_start.o
 .debug_macro   0x00034c15       0x16 atmel_start.o
 .debug_macro   0x00034c2b       0x16 atmel_start.o
 .debug_macro   0x00034c41       0x16 atmel_start.o
 .debug_macro   0x00034c57       0xca atmel_start.o
 .debug_macro   0x00034d21       0x1c atmel_start.o
 .debug_macro   0x00034d3d       0x16 atmel_start.o
 .debug_macro   0x00034d53       0x4c atmel_start.o
 .debug_macro   0x00034d9f       0xc9 atmel_start.o
 .debug_macro   0x00034e68       0x58 atmel_start.o
 .debug_macro   0x00034ec0       0x35 atmel_start.o
 .debug_macro   0x00034ef5       0x9c atmel_start.o
 .debug_macro   0x00034f91       0x16 atmel_start.o
 .debug_macro   0x00034fa7       0x35 atmel_start.o
 .debug_macro   0x00034fdc      0x34d atmel_start.o
 .debug_macro   0x00035329       0x10 atmel_start.o
 .debug_macro   0x00035339       0x58 atmel_start.o
 .debug_macro   0x00035391       0x1f atmel_start.o
 .debug_macro   0x000353b0       0x43 atmel_start.o
 .debug_macro   0x000353f3       0x20 atmel_start.o
 .debug_macro   0x00035413      0x187 atmel_start.o
 .debug_macro   0x0003559a       0x10 atmel_start.o
 .debug_macro   0x000355aa       0x1c atmel_start.o
 .debug_macro   0x000355c6       0x52 atmel_start.o
 .debug_macro   0x00035618       0x40 atmel_start.o
 .debug_macro   0x00035658       0x10 atmel_start.o
 .debug_macro   0x00035668       0x40 atmel_start.o
 .debug_macro   0x000356a8       0xd7 atmel_start.o
 .debug_macro   0x0003577f       0x16 atmel_start.o
 .debug_macro   0x00035795      0x18b atmel_start.o
 .debug_macro   0x00035920      0x49c Device_Startup/startup_samv71q21b.o
 .debug_macro   0x00035dbc       0xd1 Device_Startup/startup_samv71q21b.o
 .debug_macro   0x00035e8d      0x78c driver_init.o
 .debug_macro   0x00036619       0x10 driver_init.o
 .debug_macro   0x00036629       0x52 driver_init.o
 .debug_macro   0x0003667b      0x909 examples/driver_examples.o
 .debug_macro   0x00036f84      0x669 hal/src/hal_atomic.o
 .debug_macro   0x000375ed      0x6af hal/src/hal_can_async.o
 .debug_macro   0x00037c9c       0x10 hal/src/hal_can_async.o
 .debug_macro   0x00037cac      0x6a0 hal/src/hal_delay.o
 .debug_macro   0x0003834c      0x67e hal/src/hal_io.o
 .debug_macro   0x000389ca      0x6a9 hal/src/hal_usart_sync.o
 .debug_macro   0x00039073      0x673 hal/utils/src/utils_assert.o
 .debug_macro   0x000396e6      0x1d6 hal/utils/src/utils_syscalls.o
 .debug_macro   0x000398bc       0x52 hal/utils/src/utils_syscalls.o
 .debug_macro   0x0003990e       0x8d hal/utils/src/utils_syscalls.o
 .debug_macro   0x0003999b       0x57 hal/utils/src/utils_syscalls.o
 .debug_macro   0x000399f2       0x97 hal/utils/src/utils_syscalls.o
 .debug_macro   0x00039a89      0x353 hal/utils/src/utils_syscalls.o
 .debug_macro   0x00039ddc       0xf6 hal/utils/src/utils_syscalls.o
 .debug_macro   0x00039ed2       0x4c hal/utils/src/utils_syscalls.o
 .debug_macro   0x00039f1e       0x16 hal/utils/src/utils_syscalls.o
 .debug_macro   0x00039f34       0x10 hal/utils/src/utils_syscalls.o
 .debug_macro   0x00039f44       0x10 hal/utils/src/utils_syscalls.o
 .debug_macro   0x00039f54       0x35 hal/utils/src/utils_syscalls.o
 .debug_macro   0x00039f89      0x122 hal/utils/src/utils_syscalls.o
 .debug_macro   0x0003a0ab      0x6c9 hpl/core/hpl_core_m7_base.o
 .debug_macro   0x0003a774      0x6e1 hpl/core/hpl_init.o
 .debug_macro   0x0003ae55      0x324 hpl/core/hpl_init.o
 .debug_macro   0x0003b179      0x9df hpl/core/hpl_init.o
 .debug_macro   0x0003bb58      0x778 hpl/mcan/hpl_mcan.o
 .debug_macro   0x0003c2d0      0x2be hpl/mcan/hpl_mcan.o
 .debug_macro   0x0003c58e       0x9e hpl/mcan/hpl_mcan.o
 .debug_macro   0x0003c62c      0x692 hpl/pmc/hpl_pmc.o
 .debug_macro   0x0003ccbe      0x678 hpl/systick/hpl_systick_ARMv7_base.o
 .debug_macro   0x0003d336       0x10 hpl/systick/hpl_systick_ARMv7_base.o
 .debug_macro   0x0003d346      0x6e5 hpl/uart/hpl_uart.o
 .debug_macro   0x0003da2b       0x34 hpl/uart/hpl_uart.o
 .debug_macro   0x0003da5f      0x8f9 main.o
 .debug_macro   0x0003e358      0x7d9 stdio_redirect/gcc/read.o
 .debug_macro   0x0003eb31      0x7d9 stdio_redirect/gcc/write.o
 .debug_macro   0x0003f30a      0x7d2 stdio_redirect/stdio_io.o
 .debug_macro   0x0003fadc       0xd9 stdio_redirect/stdio_io.o
 .debug_macro   0x0003fbb5      0x8fb stdio_start.o

.debug_line     0x00000000    0x129ee
 .debug_line    0x00000000      0xf16 atmel_start.o
 .debug_line    0x00000f16      0x900 Device_Startup/startup_samv71q21b.o
 .debug_line    0x00001816      0xf5f driver_init.o
 .debug_line    0x00002775      0xfee examples/driver_examples.o
 .debug_line    0x00003763      0xc78 hal/src/hal_atomic.o
 .debug_line    0x000043db      0xdad hal/src/hal_can_async.o
 .debug_line    0x00005188      0xcac hal/src/hal_delay.o
 .debug_line    0x00005e34      0xc70 hal/src/hal_io.o
 .debug_line    0x00006aa4      0xe19 hal/src/hal_usart_sync.o
 .debug_line    0x000078bd      0xc4d hal/utils/src/utils_assert.o
 .debug_line    0x0000850a      0x40a hal/utils/src/utils_syscalls.o
 .debug_line    0x00008914      0xdd4 hpl/core/hpl_core_m7_base.o
 .debug_line    0x000096e8      0xd33 hpl/core/hpl_init.o
 .debug_line    0x0000a41b     0x121d hpl/mcan/hpl_mcan.o
 .debug_line    0x0000b638      0xd6d hpl/pmc/hpl_pmc.o
 .debug_line    0x0000c3a5      0xce7 hpl/systick/hpl_systick_ARMv7_base.o
 .debug_line    0x0000d08c     0x1258 hpl/uart/hpl_uart.o
 .debug_line    0x0000e2e4      0xf56 main.o
 .debug_line    0x0000f23a      0xd78 stdio_redirect/gcc/read.o
 .debug_line    0x0000ffb2      0xd79 stdio_redirect/gcc/write.o
 .debug_line    0x00010d2b      0xd99 stdio_redirect/stdio_io.o
 .debug_line    0x00011ac4      0xf2a stdio_start.o

.debug_str      0x00000000   0x146d22
 .debug_str     0x00000000   0x13e55e atmel_start.o
                             0x13efa0 (size before relaxing)
 .debug_str     0x0013e55e      0x78d Device_Startup/startup_samv71q21b.o
                             0x1353d5 (size before relaxing)
 .debug_str     0x0013eceb      0xcc8 driver_init.o
                             0x13be55 (size before relaxing)
 .debug_str     0x0013f9b3      0x1da examples/driver_examples.o
                             0x13f1b9 (size before relaxing)
 .debug_str     0x0013fb8d       0xb7 hal/src/hal_atomic.o
                             0x13a78d (size before relaxing)
 .debug_str     0x0013fc44      0x152 hal/src/hal_can_async.o
                             0x13b077 (size before relaxing)
 .debug_str     0x0013fd96       0x92 hal/src/hal_delay.o
                             0x13a7f7 (size before relaxing)
 .debug_str     0x0013fe28       0x33 hal/src/hal_io.o
                             0x13a828 (size before relaxing)
 .debug_str     0x0013fe5b      0x48d hal/src/hal_usart_sync.o
                             0x13b2c8 (size before relaxing)
 .debug_str     0x001402e8       0x2a hal/utils/src/utils_assert.o
                             0x13a79d (size before relaxing)
 .debug_str     0x00140312      0x767 hal/utils/src/utils_syscalls.o
                               0x73bc (size before relaxing)
 .debug_str     0x00140a79      0x5c9 hpl/core/hpl_core_m7_base.o
                             0x13b5df (size before relaxing)
 .debug_str     0x00141042     0x3073 hpl/core/hpl_init.o
                             0x13dc11 (size before relaxing)
 .debug_str     0x001440b5     0x1c80 hpl/mcan/hpl_mcan.o
                             0x13fec7 (size before relaxing)
 .debug_str     0x00145d35      0x243 hpl/pmc/hpl_pmc.o
                             0x13b8b4 (size before relaxing)
 .debug_str     0x00145f78       0xde hpl/systick/hpl_systick_ARMv7_base.o
                             0x13a7f6 (size before relaxing)
 .debug_str     0x00146056      0xbe2 hpl/uart/hpl_uart.o
                             0x13c2fe (size before relaxing)
 .debug_str     0x00146c38        0xc main.o
                             0x13f029 (size before relaxing)
 .debug_str     0x00146c44       0x2b stdio_redirect/gcc/read.o
                             0x13e54a (size before relaxing)
 .debug_str     0x00146c6f       0x2d stdio_redirect/gcc/write.o
                             0x13e54c (size before relaxing)
 .debug_str     0x00146c9c       0x4b stdio_redirect/stdio_io.o
                             0x13e5d3 (size before relaxing)
 .debug_str     0x00146ce7       0x3b stdio_start.o
                             0x13efd0 (size before relaxing)

.debug_frame    0x00000000     0x1928
 .debug_frame   0x00000000       0x28 atmel_start.o
 .debug_frame   0x00000028       0x38 Device_Startup/startup_samv71q21b.o
 .debug_frame   0x00000060       0xe8 driver_init.o
 .debug_frame   0x00000148       0xf8 examples/driver_examples.o
 .debug_frame   0x00000240       0x40 hal/src/hal_atomic.o
 .debug_frame   0x00000280      0x18c hal/src/hal_can_async.o
 .debug_frame   0x0000040c       0x68 hal/src/hal_delay.o
 .debug_frame   0x00000474       0x58 hal/src/hal_io.o
 .debug_frame   0x000004cc      0x1f0 hal/src/hal_usart_sync.o
 .debug_frame   0x000006bc       0x20 hal/utils/src/utils_assert.o
 .debug_frame   0x000006dc       0xa8 hal/utils/src/utils_syscalls.o
 .debug_frame   0x00000784       0xcc hpl/core/hpl_core_m7_base.o
 .debug_frame   0x00000850       0x2c hpl/core/hpl_init.o
 .debug_frame   0x0000087c      0x168 hpl/mcan/hpl_mcan.o
 .debug_frame   0x000009e4       0x58 hpl/pmc/hpl_pmc.o
 .debug_frame   0x00000a3c       0x78 hpl/systick/hpl_systick_ARMv7_base.o
 .debug_frame   0x00000ab4      0x584 hpl/uart/hpl_uart.o
 .debug_frame   0x00001038       0x28 main.o
 .debug_frame   0x00001060       0x2c stdio_redirect/gcc/read.o
 .debug_frame   0x0000108c       0x2c stdio_redirect/gcc/write.o
 .debug_frame   0x000010b8       0x6c stdio_redirect/stdio_io.o
 .debug_frame   0x00001124       0x40 stdio_start.o
 .debug_frame   0x00001164       0x2c c:/program files (x86)/atmel/studio/7.0/toolchain/arm/arm-gnu-toolchain/bin/../lib/gcc/arm-none-eabi/6.3.1/../../../../arm-none-eabi/lib/thumb/v7e-m\libc_nano.a(lib_a-init.o)
 .debug_frame   0x00001190       0x28 c:/program files (x86)/atmel/studio/7.0/toolchain/arm/arm-gnu-toolchain/bin/../lib/gcc/arm-none-eabi/6.3.1/../../../../arm-none-eabi/lib/thumb/v7e-m\libc_nano.a(lib_a-memcpy-stub.o)
 .debug_frame   0x000011b8       0x20 c:/program files (x86)/atmel/studio/7.0/toolchain/arm/arm-gnu-toolchain/bin/../lib/gcc/arm-none-eabi/6.3.1/../../../../arm-none-eabi/lib/thumb/v7e-m\libc_nano.a(lib_a-memset.o)
 .debug_frame   0x000011d8       0x74 c:/program files (x86)/atmel/studio/7.0/toolchain/arm/arm-gnu-toolchain/bin/../lib/gcc/arm-none-eabi/6.3.1/../../../../arm-none-eabi/lib/thumb/v7e-m\libc_nano.a(lib_a-printf.o)
 .debug_frame   0x0000124c       0x20 c:/program files (x86)/atmel/studio/7.0/toolchain/arm/arm-gnu-toolchain/bin/../lib/gcc/arm-none-eabi/6.3.1/../../../../arm-none-eabi/lib/thumb/v7e-m\libc_nano.a(lib_a-setbuf.o)
 .debug_frame   0x0000126c       0x38 c:/program files (x86)/atmel/studio/7.0/toolchain/arm/arm-gnu-toolchain/bin/../lib/gcc/arm-none-eabi/6.3.1/../../../../arm-none-eabi/lib/thumb/v7e-m\libc_nano.a(lib_a-setvbuf.o)
 .debug_frame   0x000012a4       0x40 c:/program files (x86)/atmel/studio/7.0/toolchain/arm/arm-gnu-toolchain/bin/../lib/gcc/arm-none-eabi/6.3.1/../../../../arm-none-eabi/lib/thumb/v7e-m\libc_nano.a(lib_a-wbuf.o)
 .debug_frame   0x000012e4       0x2c c:/program files (x86)/atmel/studio/7.0/toolchain/arm/arm-gnu-toolchain/bin/../lib/gcc/arm-none-eabi/6.3.1/../../../../arm-none-eabi/lib/thumb/v7e-m\libc_nano.a(lib_a-wsetup.o)
 .debug_frame   0x00001310       0x68 c:/program files (x86)/atmel/studio/7.0/toolchain/arm/arm-gnu-toolchain/bin/../lib/gcc/arm-none-eabi/6.3.1/../../../../arm-none-eabi/lib/thumb/v7e-m\libc_nano.a(lib_a-fflush.o)
 .debug_frame   0x00001378      0x11c c:/program files (x86)/atmel/studio/7.0/toolchain/arm/arm-gnu-toolchain/bin/../lib/gcc/arm-none-eabi/6.3.1/../../../../arm-none-eabi/lib/thumb/v7e-m\libc_nano.a(lib_a-findfp.o)
 .debug_frame   0x00001494       0x54 c:/program files (x86)/atmel/studio/7.0/toolchain/arm/arm-gnu-toolchain/bin/../lib/gcc/arm-none-eabi/6.3.1/../../../../arm-none-eabi/lib/thumb/v7e-m\libc_nano.a(lib_a-fwalk.o)
 .debug_frame   0x000014e8       0x58 c:/program files (x86)/atmel/studio/7.0/toolchain/arm/arm-gnu-toolchain/bin/../lib/gcc/arm-none-eabi/6.3.1/../../../../arm-none-eabi/lib/thumb/v7e-m\libc_nano.a(lib_a-makebuf.o)
 .debug_frame   0x00001540       0x30 c:/program files (x86)/atmel/studio/7.0/toolchain/arm/arm-gnu-toolchain/bin/../lib/gcc/arm-none-eabi/6.3.1/../../../../arm-none-eabi/lib/thumb/v7e-m\libc_nano.a(lib_a-malloc.o)
 .debug_frame   0x00001570       0x38 c:/program files (x86)/atmel/studio/7.0/toolchain/arm/arm-gnu-toolchain/bin/../lib/gcc/arm-none-eabi/6.3.1/../../../../arm-none-eabi/lib/thumb/v7e-m\libc_nano.a(lib_a-nano-freer.o)
 .debug_frame   0x000015a8       0x2c c:/program files (x86)/atmel/studio/7.0/toolchain/arm/arm-gnu-toolchain/bin/../lib/gcc/arm-none-eabi/6.3.1/../../../../arm-none-eabi/lib/thumb/v7e-m\libc_nano.a(lib_a-nano-mallocr.o)
 .debug_frame   0x000015d4       0xac c:/program files (x86)/atmel/studio/7.0/toolchain/arm/arm-gnu-toolchain/bin/../lib/gcc/arm-none-eabi/6.3.1/../../../../arm-none-eabi/lib/thumb/v7e-m\libc_nano.a(lib_a-nano-vfprintf.o)
 .debug_frame   0x00001680       0x60 c:/program files (x86)/atmel/studio/7.0/toolchain/arm/arm-gnu-toolchain/bin/../lib/gcc/arm-none-eabi/6.3.1/../../../../arm-none-eabi/lib/thumb/v7e-m\libc_nano.a(lib_a-nano-vfprintf_i.o)
 .debug_frame   0x000016e0       0x2c c:/program files (x86)/atmel/studio/7.0/toolchain/arm/arm-gnu-toolchain/bin/../lib/gcc/arm-none-eabi/6.3.1/../../../../arm-none-eabi/lib/thumb/v7e-m\libc_nano.a(lib_a-sbrkr.o)
 .debug_frame   0x0000170c       0x88 c:/program files (x86)/atmel/studio/7.0/toolchain/arm/arm-gnu-toolchain/bin/../lib/gcc/arm-none-eabi/6.3.1/../../../../arm-none-eabi/lib/thumb/v7e-m\libc_nano.a(lib_a-stdio.o)
 .debug_frame   0x00001794       0x2c c:/program files (x86)/atmel/studio/7.0/toolchain/arm/arm-gnu-toolchain/bin/../lib/gcc/arm-none-eabi/6.3.1/../../../../arm-none-eabi/lib/thumb/v7e-m\libc_nano.a(lib_a-writer.o)
 .debug_frame   0x000017c0       0x2c c:/program files (x86)/atmel/studio/7.0/toolchain/arm/arm-gnu-toolchain/bin/../lib/gcc/arm-none-eabi/6.3.1/../../../../arm-none-eabi/lib/thumb/v7e-m\libc_nano.a(lib_a-closer.o)
 .debug_frame   0x000017ec       0x2c c:/program files (x86)/atmel/studio/7.0/toolchain/arm/arm-gnu-toolchain/bin/../lib/gcc/arm-none-eabi/6.3.1/../../../../arm-none-eabi/lib/thumb/v7e-m\libc_nano.a(lib_a-fstatr.o)
 .debug_frame   0x00001818       0x2c c:/program files (x86)/atmel/studio/7.0/toolchain/arm/arm-gnu-toolchain/bin/../lib/gcc/arm-none-eabi/6.3.1/../../../../arm-none-eabi/lib/thumb/v7e-m\libc_nano.a(lib_a-isattyr.o)
 .debug_frame   0x00001844       0x2c c:/program files (x86)/atmel/studio/7.0/toolchain/arm/arm-gnu-toolchain/bin/../lib/gcc/arm-none-eabi/6.3.1/../../../../arm-none-eabi/lib/thumb/v7e-m\libc_nano.a(lib_a-lseekr.o)
 .debug_frame   0x00001870       0x30 c:/program files (x86)/atmel/studio/7.0/toolchain/arm/arm-gnu-toolchain/bin/../lib/gcc/arm-none-eabi/6.3.1/../../../../arm-none-eabi/lib/thumb/v7e-m\libc_nano.a(lib_a-mlock.o)
 .debug_frame   0x000018a0       0x2c c:/program files (x86)/atmel/studio/7.0/toolchain/arm/arm-gnu-toolchain/bin/../lib/gcc/arm-none-eabi/6.3.1/../../../../arm-none-eabi/lib/thumb/v7e-m\libc_nano.a(lib_a-readr.o)
 .debug_frame   0x000018cc       0x5c c:/program files (x86)/atmel/studio/7.0/toolchain/arm/arm-gnu-toolchain/bin/../lib/gcc/arm-none-eabi/6.3.1/../../../../arm-none-eabi/lib/thumb/v7e-m\libc_nano.a(lib_a-reent.o)
